INSTRUMENTATION_STATUS: class=io.github.lzyuuu.ailivesaver.AuraRuntimeE2eTest
INSTRUMENTATION_STATUS: current=1
INSTRUMENTATION_STATUS: id=AndroidJUnitRunner
INSTRUMENTATION_STATUS: numtests=73
INSTRUMENTATION_STATUS: stream=
io.github.lzyuuu.ailivesaver.AuraRuntimeE2eTest:
INSTRUMENTATION_STATUS: test=runsFancyRuntimeWithoutActivity
INSTRUMENTATION_STATUS_CODE: 1
INSTRUMENTATION_STATUS: class=io.github.lzyuuu.ailivesaver.AuraRuntimeE2eTest
INSTRUMENTATION_STATUS: current=1
INSTRUMENTATION_STATUS: id=AndroidJUnitRunner
INSTRUMENTATION_STATUS: numtests=73
INSTRUMENTATION_STATUS: stack=org.junit.AssumptionViolatedException: got: <false>, expected: is <true>
	at org.junit.Assume.assumeThat(Assume.java:106)
	at org.junit.Assume.assumeTrue(Assume.java:50)
	at io.github.lzyuuu.ailivesaver.AuraRuntimeE2eTest.runsFancyRuntimeWithoutActivity(AuraRuntimeE2eTest.kt:20)
	at java.lang.reflect.Method.invoke(Native Method)
	at org.junit.runners.model.FrameworkMethod$1.runReflectiveCall(FrameworkMethod.java:59)
	at org.junit.internal.runners.model.ReflectiveCallable.run(ReflectiveCallable.java:12)
	at org.junit.runners.model.FrameworkMethod.invokeExplosively(FrameworkMethod.java:56)
	at org.junit.internal.runners.statements.InvokeMethod.evaluate(InvokeMethod.java:17)
	at org.junit.runners.ParentRunner$3.evaluate(ParentRunner.java:306)
	at org.junit.runners.BlockJUnit4ClassRunner$1.evaluate(BlockJUnit4ClassRunner.java:100)
	at org.junit.runners.ParentRunner.runLeaf(ParentRunner.java:366)
	at org.junit.runners.BlockJUnit4ClassRunner.runChild(BlockJUnit4ClassRunner.java:103)
	at org.junit.runners.BlockJUnit4ClassRunner.runChild(BlockJUnit4ClassRunner.java:63)
	at org.junit.runners.ParentRunner$4.run(ParentRunner.java:331)
	at org.junit.runners.ParentRunner$1.schedule(ParentRunner.java:79)
	at org.junit.runners.ParentRunner.runChildren(ParentRunner.java:329)
	at org.junit.runners.ParentRunner.access$100(ParentRunner.java:66)
	at org.junit.runners.ParentRunner$2.evaluate(ParentRunner.java:293)
	at org.junit.runners.ParentRunner$3.evaluate(ParentRunner.java:306)
	at org.junit.runners.ParentRunner.run(ParentRunner.java:413)
	at androidx.test.ext.junit.runners.AndroidJUnit4.run(AndroidJUnit4.java:162)
	at org.junit.runners.Suite.runChild(Suite.java:128)
	at org.junit.runners.Suite.runChild(Suite.java:27)
	at org.junit.runners.ParentRunner$4.run(ParentRunner.java:331)
	at org.junit.runners.ParentRunner$1.schedule(ParentRunner.java:79)
	at org.junit.runners.ParentRunner.runChildren(ParentRunner.java:329)
	at org.junit.runners.ParentRunner.access$100(ParentRunner.java:66)
	at org.junit.runners.ParentRunner$2.evaluate(ParentRunner.java:293)
	at org.junit.runners.ParentRunner$3.evaluate(ParentRunner.java:306)
	at org.junit.runners.ParentRunner.run(ParentRunner.java:413)
	at org.junit.runner.JUnitCore.run(JUnitCore.java:137)
	at org.junit.runner.JUnitCore.run(JUnitCore.java:115)
	at androidx.test.internal.runner.TestExecutor.execute(TestExecutor.java:68)
	at androidx.test.internal.runner.TestExecutor.execute(TestExecutor.java:59)
	at androidx.test.runner.AndroidJUnitRunner.onStart(AndroidJUnitRunner.java:463)
	at android.app.Instrumentation$InstrumentationThread.run(Instrumentation.java:2145)

INSTRUMENTATION_STATUS: stream=
io.github.lzyuuu.ailivesaver.AuraRuntimeE2eTest:
INSTRUMENTATION_STATUS: test=runsFancyRuntimeWithoutActivity
INSTRUMENTATION_STATUS_CODE: -4
INSTRUMENTATION_STATUS: class=io.github.lzyuuu.ailivesaver.AuraSwapSmokeTest
INSTRUMENTATION_STATUS: current=2
INSTRUMENTATION_STATUS: id=AndroidJUnitRunner
INSTRUMENTATION_STATUS: numtests=73
INSTRUMENTATION_STATUS: stream=
io.github.lzyuuu.ailivesaver.AuraSwapSmokeTest:
INSTRUMENTATION_STATUS: test=runsFancyRuntimeOnStagedPortraits
INSTRUMENTATION_STATUS_CODE: 1
INSTRUMENTATION_STATUS: class=io.github.lzyuuu.ailivesaver.AuraSwapSmokeTest
INSTRUMENTATION_STATUS: current=2
INSTRUMENTATION_STATUS: id=AndroidJUnitRunner
INSTRUMENTATION_STATUS: numtests=73
INSTRUMENTATION_STATUS: stack=org.junit.AssumptionViolatedException: got: <false>, expected: is <true>
	at org.junit.Assume.assumeThat(Assume.java:106)
	at org.junit.Assume.assumeTrue(Assume.java:50)
	at io.github.lzyuuu.ailivesaver.AuraSwapSmokeTest.runsFancyRuntimeOnStagedPortraits(AuraSwapSmokeTest.kt:127)
	at java.lang.reflect.Method.invoke(Native Method)
	at org.junit.runners.model.FrameworkMethod$1.runReflectiveCall(FrameworkMethod.java:59)
	at org.junit.internal.runners.model.ReflectiveCallable.run(ReflectiveCallable.java:12)
	at org.junit.runners.model.FrameworkMethod.invokeExplosively(FrameworkMethod.java:56)
	at org.junit.internal.runners.statements.InvokeMethod.evaluate(InvokeMethod.java:17)
	at androidx.test.internal.runner.junit4.statement.RunBefores.evaluate(RunBefores.java:80)
	at androidx.compose.ui.test.junit4.AndroidComposeTestRule$apply$testWithDisposal$1.evaluate(AndroidComposeTestRule.android.kt:418)
	at org.junit.rules.ExternalResource$1.evaluate(ExternalResource.java:54)
	at androidx.compose.ui.test.junit4.AndroidComposeTestRule$apply$1$evaluate$1.invokeSuspend(AndroidComposeTestRule.android.kt:438)
	at androidx.compose.ui.test.junit4.AndroidComposeTestRule$apply$1$evaluate$1.invoke(Unknown Source:8)
	at androidx.compose.ui.test.junit4.AndroidComposeTestRule$apply$1$evaluate$1.invoke(Unknown Source:4)
	at androidx.compose.ui.test.AndroidComposeUiTestEnvironment$runTest$1$1$1$1$1.invokeSuspend(ComposeUiTest.android.kt:682)
	at androidx.compose.ui.test.AndroidComposeUiTestEnvironment$runTest$1$1$1$1$1.invoke(Unknown Source:8)
	at androidx.compose.ui.test.AndroidComposeUiTestEnvironment$runTest$1$1$1$1$1.invoke(Unknown Source:2)
	at androidx.compose.ui.test.EspressoLink.withStrategy(EspressoLink.android.kt:69)
	at androidx.compose.ui.test.AndroidComposeUiTestEnvironment$runTest$1$1.invokeSuspend(ComposeUiTest.android.kt:679)
	at androidx.compose.ui.test.AndroidComposeUiTestEnvironment$runTest$1$1.invoke(Unknown Source:8)
	at androidx.compose.ui.test.AndroidComposeUiTestEnvironment$runTest$1$1.invoke(Unknown Source:4)
	at kotlinx.coroutines.test.TestBuildersKt__TestBuildersKt$runTest$2$1$1.invokeSuspend(TestBuilders.kt:318)
	at kotlin.coroutines.jvm.internal.BaseContinuationImpl.resumeWith(ContinuationImpl.kt:34)
	at kotlinx.coroutines.DispatchedTask.run(DispatchedTask.kt:101)
	at kotlinx.coroutines.test.TestDispatcher.processEvent$kotlinx_coroutines_test(TestDispatcher.kt:24)
	at kotlinx.coroutines.test.TestCoroutineScheduler.tryRunNextTaskUnless$kotlinx_coroutines_test(TestCoroutineScheduler.kt:99)
	at kotlinx.coroutines.test.TestBuildersKt__TestBuildersKt$runTest$2$1$workRunner$1.invokeSuspend(TestBuilders.kt:327)
	at kotlin.coroutines.jvm.internal.BaseContinuationImpl.resumeWith(ContinuationImpl.kt:34)
	at kotlinx.coroutines.DispatchedTask.run(DispatchedTask.kt:101)
	at kotlinx.coroutines.EventLoopImplBase.processNextEvent(EventLoop.common.kt:263)
	at kotlinx.coroutines.BlockingCoroutine.joinBlocking(Builders.kt:95)
	at kotlinx.coroutines.BuildersKt__BuildersKt.runBlocking(Builders.kt:69)
	at kotlinx.coroutines.BuildersKt.runBlocking(Unknown Source:1)
	at kotlinx.coroutines.BuildersKt__BuildersKt.runBlocking$default(Builders.kt:47)
	at kotlinx.coroutines.BuildersKt.runBlocking$default(Unknown Source:1)
	at kotlinx.coroutines.test.TestBuildersJvmKt.createTestResult(TestBuildersJvm.kt:10)
	at kotlinx.coroutines.test.TestBuildersKt__TestBuildersKt.runTest-8Mi8wO0(TestBuilders.kt:310)
	at kotlinx.coroutines.test.TestBuildersKt.runTest-8Mi8wO0(Unknown Source:1)
	at kotlinx.coroutines.test.TestBuildersKt__TestBuildersKt.runTest-8Mi8wO0(TestBuilders.kt:168)
	at kotlinx.coroutines.test.TestBuildersKt.runTest-8Mi8wO0(Unknown Source:1)
	at androidx.compose.ui.test.AndroidComposeUiTestEnvironment.runTest(ComposeUiTest.android.kt:658)
	at androidx.compose.ui.test.junit4.AndroidComposeTestRule$apply$1.evaluate(AndroidComposeTestRule.android.kt:438)
	at org.junit.runners.ParentRunner$3.evaluate(ParentRunner.java:306)
	at org.junit.runners.BlockJUnit4ClassRunner$1.evaluate(BlockJUnit4ClassRunner.java:100)
	at org.junit.runners.ParentRunner.runLeaf(ParentRunner.java:366)
	at org.junit.runners.BlockJUnit4ClassRunner.runChild(BlockJUnit4ClassRunner.java:103)
	at org.junit.runners.BlockJUnit4ClassRunner.runChild(BlockJUnit4ClassRunner.java:63)
	at org.junit.runners.ParentRunner$4.run(ParentRunner.java:331)
	at org.junit.runners.ParentRunner$1.schedule(ParentRunner.java:79)
	at org.junit.runners.ParentRunner.runChildren(ParentRunner.java:329)
	at org.junit.runners.ParentRunner.access$100(ParentRunner.java:66)
	at org.junit.runners.ParentRunner$2.evaluate(ParentRunner.java:293)
	at org.junit.runners.ParentRunner$3.evaluate(ParentRunner.java:306)
	at org.junit.runners.ParentRunner.run(ParentRunner.java:413)
	at androidx.test.ext.junit.runners.AndroidJUnit4.run(AndroidJUnit4.java:162)
	at org.junit.runners.Suite.runChild(Suite.java:128)
	at org.junit.runners.Suite.runChild(Suite.java:27)
	at org.junit.runners.ParentRunner$4.run(ParentRunner.java:331)
	at org.junit.runners.ParentRunner$1.schedule(ParentRunner.java:79)
	at org.junit.runners.ParentRunner.runChildren(ParentRunner.java:329)
	at org.junit.runners.ParentRunner.access$100(ParentRunner.java:66)
	at org.junit.runners.ParentRunner$2.evaluate(ParentRunner.java:293)
	at org.junit.runners.ParentRunner$3.evaluate(ParentRunner.java:306)
	at org.junit.runners.ParentRunner.run(ParentRunner.java:413)
	at org.junit.runner.JUnitCore.run(JUnitCore.java:137)
	at org.junit.runner.JUnitCore.run(JUnitCore.java:115)
	at androidx.test.internal.runner.TestExecutor.execute(TestExecutor.java:68)
	at androidx.test.internal.runner.TestExecutor.execute(TestExecutor.java:59)
	at androidx.test.runner.AndroidJUnitRunner.onStart(AndroidJUnitRunner.java:463)
	at android.app.Instrumentation$InstrumentationThread.run(Instrumentation.java:2145)

INSTRUMENTATION_STATUS: stream=
io.github.lzyuuu.ailivesaver.AuraSwapSmokeTest:
INSTRUMENTATION_STATUS: test=runsFancyRuntimeOnStagedPortraits
INSTRUMENTATION_STATUS_CODE: -4
INSTRUMENTATION_STATUS: class=io.github.lzyuuu.ailivesaver.AuraSwapSmokeTest
INSTRUMENTATION_STATUS: current=3
INSTRUMENTATION_STATUS: id=AndroidJUnitRunner
INSTRUMENTATION_STATUS: numtests=73
INSTRUMENTATION_STATUS: stream=
INSTRUMENTATION_STATUS: test=nativeMnnLoaderRejectsInvalidModelWithRole
INSTRUMENTATION_STATUS_CODE: 1
INSTRUMENTATION_STATUS: class=io.github.lzyuuu.ailivesaver.AuraSwapSmokeTest
INSTRUMENTATION_STATUS: current=3
INSTRUMENTATION_STATUS: id=AndroidJUnitRunner
INSTRUMENTATION_STATUS: numtests=73
INSTRUMENTATION_STATUS: stream=.
INSTRUMENTATION_STATUS: test=nativeMnnLoaderRejectsInvalidModelWithRole
INSTRUMENTATION_STATUS_CODE: 0
INSTRUMENTATION_STATUS: class=io.github.lzyuuu.ailivesaver.AuraSwapSmokeTest
INSTRUMENTATION_STATUS: current=4
INSTRUMENTATION_STATUS: id=AndroidJUnitRunner
INSTRUMENTATION_STATUS: numtests=73
INSTRUMENTATION_STATUS: stream=
INSTRUMENTATION_STATUS: test=downloadsWithRetryChecksumAndRejectsUnavailableInference
INSTRUMENTATION_STATUS_CODE: 1
INSTRUMENTATION_STATUS: class=io.github.lzyuuu.ailivesaver.AuraSwapSmokeTest
INSTRUMENTATION_STATUS: current=4
INSTRUMENTATION_STATUS: id=AndroidJUnitRunner
INSTRUMENTATION_STATUS: numtests=73
INSTRUMENTATION_STATUS: stream=.
INSTRUMENTATION_STATUS: test=downloadsWithRetryChecksumAndRejectsUnavailableInference
INSTRUMENTATION_STATUS_CODE: 0
INSTRUMENTATION_STATUS: class=io.github.lzyuuu.ailivesaver.AuraSwapSmokeTest
INSTRUMENTATION_STATUS: current=5
INSTRUMENTATION_STATUS: id=AndroidJUnitRunner
INSTRUMENTATION_STATUS: numtests=73
INSTRUMENTATION_STATUS: stream=
INSTRUMENTATION_STATUS: test=loadsFancyModelsWhenStagedOnDevice
INSTRUMENTATION_STATUS_CODE: 1
INSTRUMENTATION_STATUS: class=io.github.lzyuuu.ailivesaver.AuraSwapSmokeTest
INSTRUMENTATION_STATUS: current=5
INSTRUMENTATION_STATUS: id=AndroidJUnitRunner
INSTRUMENTATION_STATUS: numtests=73
INSTRUMENTATION_STATUS: stack=org.junit.AssumptionViolatedException: got: <false>, expected: is <true>
	at org.junit.Assume.assumeThat(Assume.java:106)
	at org.junit.Assume.assumeTrue(Assume.java:50)
	at io.github.lzyuuu.ailivesaver.AuraSwapSmokeTest.loadsFancyModelsWhenStagedOnDevice(AuraSwapSmokeTest.kt:112)
	at java.lang.reflect.Method.invoke(Native Method)
	at org.junit.runners.model.FrameworkMethod$1.runReflectiveCall(FrameworkMethod.java:59)
	at org.junit.internal.runners.model.ReflectiveCallable.run(ReflectiveCallable.java:12)
	at org.junit.runners.model.FrameworkMethod.invokeExplosively(FrameworkMethod.java:56)
	at org.junit.internal.runners.statements.InvokeMethod.evaluate(InvokeMethod.java:17)
	at androidx.test.internal.runner.junit4.statement.RunBefores.evaluate(RunBefores.java:80)
	at androidx.compose.ui.test.junit4.AndroidComposeTestRule$apply$testWithDisposal$1.evaluate(AndroidComposeTestRule.android.kt:418)
	at org.junit.rules.ExternalResource$1.evaluate(ExternalResource.java:54)
	at androidx.compose.ui.test.junit4.AndroidComposeTestRule$apply$1$evaluate$1.invokeSuspend(AndroidComposeTestRule.android.kt:438)
	at androidx.compose.ui.test.junit4.AndroidComposeTestRule$apply$1$evaluate$1.invoke(Unknown Source:8)
	at androidx.compose.ui.test.junit4.AndroidComposeTestRule$apply$1$evaluate$1.invoke(Unknown Source:4)
	at androidx.compose.ui.test.AndroidComposeUiTestEnvironment$runTest$1$1$1$1$1.invokeSuspend(ComposeUiTest.android.kt:682)
	at androidx.compose.ui.test.AndroidComposeUiTestEnvironment$runTest$1$1$1$1$1.invoke(Unknown Source:8)
	at androidx.compose.ui.test.AndroidComposeUiTestEnvironment$runTest$1$1$1$1$1.invoke(Unknown Source:2)
	at androidx.compose.ui.test.EspressoLink.withStrategy(EspressoLink.android.kt:69)
	at androidx.compose.ui.test.AndroidComposeUiTestEnvironment$runTest$1$1.invokeSuspend(ComposeUiTest.android.kt:679)
	at androidx.compose.ui.test.AndroidComposeUiTestEnvironment$runTest$1$1.invoke(Unknown Source:8)
	at androidx.compose.ui.test.AndroidComposeUiTestEnvironment$runTest$1$1.invoke(Unknown Source:4)
	at kotlinx.coroutines.test.TestBuildersKt__TestBuildersKt$runTest$2$1$1.invokeSuspend(TestBuilders.kt:318)
	at kotlin.coroutines.jvm.internal.BaseContinuationImpl.resumeWith(ContinuationImpl.kt:34)
	at kotlinx.coroutines.DispatchedTask.run(DispatchedTask.kt:101)
	at kotlinx.coroutines.test.TestDispatcher.processEvent$kotlinx_coroutines_test(TestDispatcher.kt:24)
	at kotlinx.coroutines.test.TestCoroutineScheduler.tryRunNextTaskUnless$kotlinx_coroutines_test(TestCoroutineScheduler.kt:99)
	at kotlinx.coroutines.test.TestBuildersKt__TestBuildersKt$runTest$2$1$workRunner$1.invokeSuspend(TestBuilders.kt:327)
	at kotlin.coroutines.jvm.internal.BaseContinuationImpl.resumeWith(ContinuationImpl.kt:34)
	at kotlinx.coroutines.DispatchedTask.run(DispatchedTask.kt:101)
	at kotlinx.coroutines.EventLoopImplBase.processNextEvent(EventLoop.common.kt:263)
	at kotlinx.coroutines.BlockingCoroutine.joinBlocking(Builders.kt:95)
	at kotlinx.coroutines.BuildersKt__BuildersKt.runBlocking(Builders.kt:69)
	at kotlinx.coroutines.BuildersKt.runBlocking(Unknown Source:1)
	at kotlinx.coroutines.BuildersKt__BuildersKt.runBlocking$default(Builders.kt:47)
	at kotlinx.coroutines.BuildersKt.runBlocking$default(Unknown Source:1)
	at kotlinx.coroutines.test.TestBuildersJvmKt.createTestResult(TestBuildersJvm.kt:10)
	at kotlinx.coroutines.test.TestBuildersKt__TestBuildersKt.runTest-8Mi8wO0(TestBuilders.kt:310)
	at kotlinx.coroutines.test.TestBuildersKt.runTest-8Mi8wO0(Unknown Source:1)
	at kotlinx.coroutines.test.TestBuildersKt__TestBuildersKt.runTest-8Mi8wO0(TestBuilders.kt:168)
	at kotlinx.coroutines.test.TestBuildersKt.runTest-8Mi8wO0(Unknown Source:1)
	at androidx.compose.ui.test.AndroidComposeUiTestEnvironment.runTest(ComposeUiTest.android.kt:658)
	at androidx.compose.ui.test.junit4.AndroidComposeTestRule$apply$1.evaluate(AndroidComposeTestRule.android.kt:438)
	at org.junit.runners.ParentRunner$3.evaluate(ParentRunner.java:306)
	at org.junit.runners.BlockJUnit4ClassRunner$1.evaluate(BlockJUnit4ClassRunner.java:100)
	at org.junit.runners.ParentRunner.runLeaf(ParentRunner.java:366)
	at org.junit.runners.BlockJUnit4ClassRunner.runChild(BlockJUnit4ClassRunner.java:103)
	at org.junit.runners.BlockJUnit4ClassRunner.runChild(BlockJUnit4ClassRunner.java:63)
	at org.junit.runners.ParentRunner$4.run(ParentRunner.java:331)
	at org.junit.runners.ParentRunner$1.schedule(ParentRunner.java:79)
	at org.junit.runners.ParentRunner.runChildren(ParentRunner.java:329)
	at org.junit.runners.ParentRunner.access$100(ParentRunner.java:66)
	at org.junit.runners.ParentRunner$2.evaluate(ParentRunner.java:293)
	at org.junit.runners.ParentRunner$3.evaluate(ParentRunner.java:306)
	at org.junit.runners.ParentRunner.run(ParentRunner.java:413)
	at androidx.test.ext.junit.runners.AndroidJUnit4.run(AndroidJUnit4.java:162)
	at org.junit.runners.Suite.runChild(Suite.java:128)
	at org.junit.runners.Suite.runChild(Suite.java:27)
	at org.junit.runners.ParentRunner$4.run(ParentRunner.java:331)
	at org.junit.runners.ParentRunner$1.schedule(ParentRunner.java:79)
	at org.junit.runners.ParentRunner.runChildren(ParentRunner.java:329)
	at org.junit.runners.ParentRunner.access$100(ParentRunner.java:66)
	at org.junit.runners.ParentRunner$2.evaluate(ParentRunner.java:293)
	at org.junit.runners.ParentRunner$3.evaluate(ParentRunner.java:306)
	at org.junit.runners.ParentRunner.run(ParentRunner.java:413)
	at org.junit.runner.JUnitCore.run(JUnitCore.java:137)
	at org.junit.runner.JUnitCore.run(JUnitCore.java:115)
	at androidx.test.internal.runner.TestExecutor.execute(TestExecutor.java:68)
	at androidx.test.internal.runner.TestExecutor.execute(TestExecutor.java:59)
	at androidx.test.runner.AndroidJUnitRunner.onStart(AndroidJUnitRunner.java:463)
	at android.app.Instrumentation$InstrumentationThread.run(Instrumentation.java:2145)

INSTRUMENTATION_STATUS: stream=
INSTRUMENTATION_STATUS: test=loadsFancyModelsWhenStagedOnDevice
INSTRUMENTATION_STATUS_CODE: -4
INSTRUMENTATION_STATUS: class=io.github.lzyuuu.ailivesaver.AuraSwapSmokeTest
INSTRUMENTATION_STATUS: current=6
INSTRUMENTATION_STATUS: id=AndroidJUnitRunner
INSTRUMENTATION_STATUS: numtests=73
INSTRUMENTATION_STATUS: stream=
INSTRUMENTATION_STATUS: test=fusesRestoredFaceBackToTargetSize
INSTRUMENTATION_STATUS_CODE: 1
INSTRUMENTATION_STATUS: class=io.github.lzyuuu.ailivesaver.AuraSwapSmokeTest
INSTRUMENTATION_STATUS: current=6
INSTRUMENTATION_STATUS: id=AndroidJUnitRunner
INSTRUMENTATION_STATUS: numtests=73
INSTRUMENTATION_STATUS: stream=.
INSTRUMENTATION_STATUS: test=fusesRestoredFaceBackToTargetSize
INSTRUMENTATION_STATUS_CODE: 0
INSTRUMENTATION_STATUS: class=io.github.lzyuuu.ailivesaver.AuraSwapSmokeTest
INSTRUMENTATION_STATUS: current=7
INSTRUMENTATION_STATUS: id=AndroidJUnitRunner
INSTRUMENTATION_STATUS: numtests=73
INSTRUMENTATION_STATUS: stream=
INSTRUMENTATION_STATUS: test=opensAuraSwapAndModelStoreEmptyDirectoryPath
INSTRUMENTATION_STATUS_CODE: 1
INSTRUMENTATION_STATUS: class=io.github.lzyuuu.ailivesaver.AuraSwapSmokeTest
INSTRUMENTATION_STATUS: current=7
INSTRUMENTATION_STATUS: id=AndroidJUnitRunner
INSTRUMENTATION_STATUS: numtests=73
INSTRUMENTATION_STATUS: stream=.
INSTRUMENTATION_STATUS: test=opensAuraSwapAndModelStoreEmptyDirectoryPath
INSTRUMENTATION_STATUS_CODE: 0
INSTRUMENTATION_STATUS: class=io.github.lzyuuu.ailivesaver.AuraSwapSmokeTest
INSTRUMENTATION_STATUS: current=8
INSTRUMENTATION_STATUS: id=AndroidJUnitRunner
INSTRUMENTATION_STATUS: numtests=73
INSTRUMENTATION_STATUS: stream=
INSTRUMENTATION_STATUS: test=imagePipelineConvertsChwAndParsesFivePointFace
INSTRUMENTATION_STATUS_CODE: 1
INSTRUMENTATION_STATUS: class=io.github.lzyuuu.ailivesaver.AuraSwapSmokeTest
INSTRUMENTATION_STATUS: current=8
INSTRUMENTATION_STATUS: id=AndroidJUnitRunner
INSTRUMENTATION_STATUS: numtests=73
INSTRUMENTATION_STATUS: stream=.
INSTRUMENTATION_STATUS: test=imagePipelineConvertsChwAndParsesFivePointFace
INSTRUMENTATION_STATUS_CODE: 0
INSTRUMENTATION_STATUS: class=io.github.lzyuuu.ailivesaver.BinderFlowSmokeTest
INSTRUMENTATION_STATUS: current=9
INSTRUMENTATION_STATUS: id=AndroidJUnitRunner
INSTRUMENTATION_STATUS: numtests=73
INSTRUMENTATION_STATUS: stream=
io.github.lzyuuu.ailivesaver.BinderFlowSmokeTest:
INSTRUMENTATION_STATUS: test=binderRejectsBlankThenBuildsMatchAndOpensMessenger
INSTRUMENTATION_STATUS_CODE: 1
INSTRUMENTATION_STATUS: class=io.github.lzyuuu.ailivesaver.BinderFlowSmokeTest
INSTRUMENTATION_STATUS: current=9
INSTRUMENTATION_STATUS: id=AndroidJUnitRunner
INSTRUMENTATION_STATUS: numtests=73
INSTRUMENTATION_STATUS: stream=.
INSTRUMENTATION_STATUS: test=binderRejectsBlankThenBuildsMatchAndOpensMessenger
INSTRUMENTATION_STATUS_CODE: 0
INSTRUMENTATION_STATUS: class=io.github.lzyuuu.ailivesaver.BinderOrchestratorValidationTest
INSTRUMENTATION_STATUS: current=10
INSTRUMENTATION_STATUS: id=AndroidJUnitRunner
INSTRUMENTATION_STATUS: numtests=73
INSTRUMENTATION_STATUS: stream=
io.github.lzyuuu.ailivesaver.BinderOrchestratorValidationTest:
INSTRUMENTATION_STATUS: test=shippedGenerationRetriesMalformedEnvelopeAndPersistsTwoCandidates
INSTRUMENTATION_STATUS_CODE: 1
INSTRUMENTATION_STATUS: class=io.github.lzyuuu.ailivesaver.BinderOrchestratorValidationTest
INSTRUMENTATION_STATUS: current=10
INSTRUMENTATION_STATUS: id=AndroidJUnitRunner
INSTRUMENTATION_STATUS: numtests=73
INSTRUMENTATION_STATUS: stream=.
INSTRUMENTATION_STATUS: test=shippedGenerationRetriesMalformedEnvelopeAndPersistsTwoCandidates
INSTRUMENTATION_STATUS_CODE: 0
INSTRUMENTATION_STATUS: class=io.github.lzyuuu.ailivesaver.BinderOrchestratorValidationTest
INSTRUMENTATION_STATUS: current=11
INSTRUMENTATION_STATUS: id=AndroidJUnitRunner
INSTRUMENTATION_STATUS: numtests=73
INSTRUMENTATION_STATUS: stream=
INSTRUMENTATION_STATUS: test=shippedGenerationRetriesTruncatedCandidateBodyAndPersistsTwoCandidates
INSTRUMENTATION_STATUS_CODE: 1
INSTRUMENTATION_STATUS: class=io.github.lzyuuu.ailivesaver.BinderOrchestratorValidationTest
INSTRUMENTATION_STATUS: current=11
INSTRUMENTATION_STATUS: id=AndroidJUnitRunner
INSTRUMENTATION_STATUS: numtests=73
INSTRUMENTATION_STATUS: stream=.
INSTRUMENTATION_STATUS: test=shippedGenerationRetriesTruncatedCandidateBodyAndPersistsTwoCandidates
INSTRUMENTATION_STATUS_CODE: 0
INSTRUMENTATION_STATUS: class=io.github.lzyuuu.ailivesaver.BinderOrchestratorValidationTest
INSTRUMENTATION_STATUS: current=12
INSTRUMENTATION_STATUS: id=AndroidJUnitRunner
INSTRUMENTATION_STATUS: numtests=73
INSTRUMENTATION_STATUS: stream=
INSTRUMENTATION_STATUS: test=shippedGenerationRejectsSingleCandidateWithoutAdvancingDraft
INSTRUMENTATION_STATUS_CODE: 1
INSTRUMENTATION_STATUS: class=io.github.lzyuuu.ailivesaver.BinderOrchestratorValidationTest
INSTRUMENTATION_STATUS: current=12
INSTRUMENTATION_STATUS: id=AndroidJUnitRunner
INSTRUMENTATION_STATUS: numtests=73
INSTRUMENTATION_STATUS: stream=.
INSTRUMENTATION_STATUS: test=shippedGenerationRejectsSingleCandidateWithoutAdvancingDraft
INSTRUMENTATION_STATUS_CODE: 0
INSTRUMENTATION_STATUS: class=io.github.lzyuuu.ailivesaver.CharacterLifecycleSmokeTest
INSTRUMENTATION_STATUS: current=13
INSTRUMENTATION_STATUS: id=AndroidJUnitRunner
INSTRUMENTATION_STATUS: numtests=73
INSTRUMENTATION_STATUS: stream=
io.github.lzyuuu.ailivesaver.CharacterLifecycleSmokeTest:
INSTRUMENTATION_STATUS: test=recordsDepartureAndRequiresItBeforePermanentDeletion
INSTRUMENTATION_STATUS_CODE: 1
INSTRUMENTATION_STATUS: class=io.github.lzyuuu.ailivesaver.CharacterLifecycleSmokeTest
INSTRUMENTATION_STATUS: current=13
INSTRUMENTATION_STATUS: id=AndroidJUnitRunner
INSTRUMENTATION_STATUS: numtests=73
INSTRUMENTATION_STATUS: stream=.
INSTRUMENTATION_STATUS: test=recordsDepartureAndRequiresItBeforePermanentDeletion
INSTRUMENTATION_STATUS_CODE: 0
INSTRUMENTATION_STATUS: class=io.github.lzyuuu.ailivesaver.CharactersImportPersistenceSmokeTest
INSTRUMENTATION_STATUS: current=14
INSTRUMENTATION_STATUS: id=AndroidJUnitRunner
INSTRUMENTATION_STATUS: numtests=73
INSTRUMENTATION_STATUS: stream=
io.github.lzyuuu.ailivesaver.CharactersImportPersistenceSmokeTest:
INSTRUMENTATION_STATUS: test=importsXmlAndJsonCardsAndPersistsAcrossRestart
INSTRUMENTATION_STATUS_CODE: 1
INSTRUMENTATION_STATUS: class=io.github.lzyuuu.ailivesaver.CharactersImportPersistenceSmokeTest
INSTRUMENTATION_STATUS: current=14
INSTRUMENTATION_STATUS: id=AndroidJUnitRunner
INSTRUMENTATION_STATUS: numtests=73
INSTRUMENTATION_STATUS: stream=.
INSTRUMENTATION_STATUS: test=importsXmlAndJsonCardsAndPersistsAcrossRestart
INSTRUMENTATION_STATUS_CODE: 0
INSTRUMENTATION_STATUS: class=io.github.lzyuuu.ailivesaver.CharactersImportPersistenceSmokeTest
INSTRUMENTATION_STATUS: current=15
INSTRUMENTATION_STATUS: id=AndroidJUnitRunner
INSTRUMENTATION_STATUS: numtests=73
INSTRUMENTATION_STATUS: stream=
INSTRUMENTATION_STATUS: test=opensCharactersFromSocialHub
INSTRUMENTATION_STATUS_CODE: 1
INSTRUMENTATION_STATUS: class=io.github.lzyuuu.ailivesaver.CharactersImportPersistenceSmokeTest
INSTRUMENTATION_STATUS: current=15
INSTRUMENTATION_STATUS: id=AndroidJUnitRunner
INSTRUMENTATION_STATUS: numtests=73
INSTRUMENTATION_STATUS: stream=.
INSTRUMENTATION_STATUS: test=opensCharactersFromSocialHub
INSTRUMENTATION_STATUS_CODE: 0
INSTRUMENTATION_STATUS: class=io.github.lzyuuu.ailivesaver.CharactersImportPersistenceSmokeTest
INSTRUMENTATION_STATUS: current=16
INSTRUMENTATION_STATUS: id=AndroidJUnitRunner
INSTRUMENTATION_STATUS: numtests=73
INSTRUMENTATION_STATUS: stream=
INSTRUMENTATION_STATUS: test=newCharacterPersistsAfterEditorSave
INSTRUMENTATION_STATUS_CODE: 1
INSTRUMENTATION_STATUS: class=io.github.lzyuuu.ailivesaver.CharactersImportPersistenceSmokeTest
INSTRUMENTATION_STATUS: current=16
INSTRUMENTATION_STATUS: id=AndroidJUnitRunner
INSTRUMENTATION_STATUS: numtests=73
INSTRUMENTATION_STATUS: stream=.
INSTRUMENTATION_STATUS: test=newCharacterPersistsAfterEditorSave
INSTRUMENTATION_STATUS_CODE: 0
INSTRUMENTATION_STATUS: class=io.github.lzyuuu.ailivesaver.ChatPersistenceSmokeTest
INSTRUMENTATION_STATUS: current=17
INSTRUMENTATION_STATUS: id=AndroidJUnitRunner
INSTRUMENTATION_STATUS: numtests=73
INSTRUMENTATION_STATUS: stream=
io.github.lzyuuu.ailivesaver.ChatPersistenceSmokeTest:
INSTRUMENTATION_STATUS: test=rejectsLateRepliesAndRollsBackProactiveMessagesAfterDeparture
INSTRUMENTATION_STATUS_CODE: 1
INSTRUMENTATION_STATUS: class=io.github.lzyuuu.ailivesaver.ChatPersistenceSmokeTest
INSTRUMENTATION_STATUS: current=17
INSTRUMENTATION_STATUS: id=AndroidJUnitRunner
INSTRUMENTATION_STATUS: numtests=73
INSTRUMENTATION_STATUS: stream=.
INSTRUMENTATION_STATUS: test=rejectsLateRepliesAndRollsBackProactiveMessagesAfterDeparture
INSTRUMENTATION_STATUS_CODE: 0
INSTRUMENTATION_STATUS: class=io.github.lzyuuu.ailivesaver.ChatPersistenceSmokeTest
INSTRUMENTATION_STATUS: current=18
INSTRUMENTATION_STATUS: id=AndroidJUnitRunner
INSTRUMENTATION_STATUS: numtests=73
INSTRUMENTATION_STATUS: stream=
INSTRUMENTATION_STATUS: test=interruptAssistantReplyMarksStreamingAsInterrupted
INSTRUMENTATION_STATUS_CODE: 1
INSTRUMENTATION_STATUS: class=io.github.lzyuuu.ailivesaver.ChatPersistenceSmokeTest
INSTRUMENTATION_STATUS: current=18
INSTRUMENTATION_STATUS: id=AndroidJUnitRunner
INSTRUMENTATION_STATUS: numtests=73
INSTRUMENTATION_STATUS: stream=.
INSTRUMENTATION_STATUS: test=interruptAssistantReplyMarksStreamingAsInterrupted
INSTRUMENTATION_STATUS_CODE: 0
INSTRUMENTATION_STATUS: class=io.github.lzyuuu.ailivesaver.ChatPersistenceSmokeTest
INSTRUMENTATION_STATUS: current=19
INSTRUMENTATION_STATUS: id=AndroidJUnitRunner
INSTRUMENTATION_STATUS: numtests=73
INSTRUMENTATION_STATUS: stream=
INSTRUMENTATION_STATUS: test=completesFromAReopenedStoreAndRejectsAStaleRecap
INSTRUMENTATION_STATUS_CODE: 1
INSTRUMENTATION_STATUS: class=io.github.lzyuuu.ailivesaver.ChatPersistenceSmokeTest
INSTRUMENTATION_STATUS: current=19
INSTRUMENTATION_STATUS: id=AndroidJUnitRunner
INSTRUMENTATION_STATUS: numtests=73
INSTRUMENTATION_STATUS: stream=.
INSTRUMENTATION_STATUS: test=completesFromAReopenedStoreAndRejectsAStaleRecap
INSTRUMENTATION_STATUS_CODE: 0
INSTRUMENTATION_STATUS: class=io.github.lzyuuu.ailivesaver.ChatPersistenceSmokeTest
INSTRUMENTATION_STATUS: current=20
INSTRUMENTATION_STATUS: id=AndroidJUnitRunner
INSTRUMENTATION_STATUS: numtests=73
INSTRUMENTATION_STATUS: stream=
INSTRUMENTATION_STATUS: test=clearsActiveConversationWhileKeepingRetiredHistory
INSTRUMENTATION_STATUS_CODE: 1
INSTRUMENTATION_STATUS: class=io.github.lzyuuu.ailivesaver.ChatPersistenceSmokeTest
INSTRUMENTATION_STATUS: current=20
INSTRUMENTATION_STATUS: id=AndroidJUnitRunner
INSTRUMENTATION_STATUS: numtests=73
INSTRUMENTATION_STATUS: stream=.
INSTRUMENTATION_STATUS: test=clearsActiveConversationWhileKeepingRetiredHistory
INSTRUMENTATION_STATUS_CODE: 0
INSTRUMENTATION_STATUS: class=io.github.lzyuuu.ailivesaver.ChatPersistenceSmokeTest
INSTRUMENTATION_STATUS: current=21
INSTRUMENTATION_STATUS: id=AndroidJUnitRunner
INSTRUMENTATION_STATUS: numtests=73
INSTRUMENTATION_STATUS: stream=
INSTRUMENTATION_STATUS: test=keepsOfflineMessageAndInterruptsStreamingDraftAfterReopen
INSTRUMENTATION_STATUS_CODE: 1
INSTRUMENTATION_STATUS: class=io.github.lzyuuu.ailivesaver.ChatPersistenceSmokeTest
INSTRUMENTATION_STATUS: current=21
INSTRUMENTATION_STATUS: id=AndroidJUnitRunner
INSTRUMENTATION_STATUS: numtests=73
INSTRUMENTATION_STATUS: stream=.
INSTRUMENTATION_STATUS: test=keepsOfflineMessageAndInterruptsStreamingDraftAfterReopen
INSTRUMENTATION_STATUS_CODE: 0
INSTRUMENTATION_STATUS: class=io.github.lzyuuu.ailivesaver.GalleryFlowSmokeTest
INSTRUMENTATION_STATUS: current=22
INSTRUMENTATION_STATUS: id=AndroidJUnitRunner
INSTRUMENTATION_STATUS: numtests=73
INSTRUMENTATION_STATUS: stream=
io.github.lzyuuu.ailivesaver.GalleryFlowSmokeTest:
INSTRUMENTATION_STATUS: test=browseByCharacterAndOpenImage
INSTRUMENTATION_STATUS_CODE: 1
INSTRUMENTATION_STATUS: class=io.github.lzyuuu.ailivesaver.GalleryFlowSmokeTest
INSTRUMENTATION_STATUS: current=22
INSTRUMENTATION_STATUS: id=AndroidJUnitRunner
INSTRUMENTATION_STATUS: numtests=73
INSTRUMENTATION_STATUS: stream=.
INSTRUMENTATION_STATUS: test=browseByCharacterAndOpenImage
INSTRUMENTATION_STATUS_CODE: 0
INSTRUMENTATION_STATUS: class=io.github.lzyuuu.ailivesaver.HomeSettingsAcceptanceTest
INSTRUMENTATION_STATUS: current=23
INSTRUMENTATION_STATUS: id=AndroidJUnitRunner
INSTRUMENTATION_STATUS: numtests=73
INSTRUMENTATION_STATUS: stream=
io.github.lzyuuu.ailivesaver.HomeSettingsAcceptanceTest:
INSTRUMENTATION_STATUS: test=desktopHomeAndSettingsAreReachable
INSTRUMENTATION_STATUS_CODE: 1
INSTRUMENTATION_STATUS: class=io.github.lzyuuu.ailivesaver.HomeSettingsAcceptanceTest
INSTRUMENTATION_STATUS: current=23
INSTRUMENTATION_STATUS: id=AndroidJUnitRunner
INSTRUMENTATION_STATUS: numtests=73
INSTRUMENTATION_STATUS: stream=.
INSTRUMENTATION_STATUS: test=desktopHomeAndSettingsAreReachable
INSTRUMENTATION_STATUS_CODE: 0
INSTRUMENTATION_STATUS: class=io.github.lzyuuu.ailivesaver.ImagingLocalDreamSuccessTest
INSTRUMENTATION_STATUS: current=24
INSTRUMENTATION_STATUS: id=AndroidJUnitRunner
INSTRUMENTATION_STATUS: numtests=73
INSTRUMENTATION_STATUS: stream=
io.github.lzyuuu.ailivesaver.ImagingLocalDreamSuccessTest:
INSTRUMENTATION_STATUS: test=testConnectionAndGeneratePersistsResult
INSTRUMENTATION_STATUS_CODE: 1
INSTRUMENTATION_STATUS: class=io.github.lzyuuu.ailivesaver.ImagingLocalDreamSuccessTest
INSTRUMENTATION_STATUS: current=24
INSTRUMENTATION_STATUS: id=AndroidJUnitRunner
INSTRUMENTATION_STATUS: numtests=73
INSTRUMENTATION_STATUS: stack=org.junit.AssumptionViolatedException: Requires host Local Dream mock on :8081 and adb reverse tcp:8081 tcp:8081
	at org.junit.Assume.assumeTrue(Assume.java:68)
	at io.github.lzyuuu.ailivesaver.ImagingLocalDreamSuccessTest.testConnectionAndGeneratePersistsResult(ImagingLocalDreamSuccessTest.kt:75)
	at java.lang.reflect.Method.invoke(Native Method)
	at org.junit.runners.model.FrameworkMethod$1.runReflectiveCall(FrameworkMethod.java:59)
	at org.junit.internal.runners.model.ReflectiveCallable.run(ReflectiveCallable.java:12)
	at org.junit.runners.model.FrameworkMethod.invokeExplosively(FrameworkMethod.java:56)
	at org.junit.internal.runners.statements.InvokeMethod.evaluate(InvokeMethod.java:17)
	at androidx.test.internal.runner.junit4.statement.RunBefores.evaluate(RunBefores.java:80)
	at androidx.compose.ui.test.junit4.AndroidComposeTestRule$apply$testWithDisposal$1.evaluate(AndroidComposeTestRule.android.kt:418)
	at org.junit.rules.ExternalResource$1.evaluate(ExternalResource.java:54)
	at androidx.compose.ui.test.junit4.AndroidComposeTestRule$apply$1$evaluate$1.invokeSuspend(AndroidComposeTestRule.android.kt:438)
	at androidx.compose.ui.test.junit4.AndroidComposeTestRule$apply$1$evaluate$1.invoke(Unknown Source:8)
	at androidx.compose.ui.test.junit4.AndroidComposeTestRule$apply$1$evaluate$1.invoke(Unknown Source:4)
	at androidx.compose.ui.test.AndroidComposeUiTestEnvironment$runTest$1$1$1$1$1.invokeSuspend(ComposeUiTest.android.kt:682)
	at androidx.compose.ui.test.AndroidComposeUiTestEnvironment$runTest$1$1$1$1$1.invoke(Unknown Source:8)
	at androidx.compose.ui.test.AndroidComposeUiTestEnvironment$runTest$1$1$1$1$1.invoke(Unknown Source:2)
	at androidx.compose.ui.test.EspressoLink.withStrategy(EspressoLink.android.kt:69)
	at androidx.compose.ui.test.AndroidComposeUiTestEnvironment$runTest$1$1.invokeSuspend(ComposeUiTest.android.kt:679)
	at androidx.compose.ui.test.AndroidComposeUiTestEnvironment$runTest$1$1.invoke(Unknown Source:8)
	at androidx.compose.ui.test.AndroidComposeUiTestEnvironment$runTest$1$1.invoke(Unknown Source:4)
	at kotlinx.coroutines.test.TestBuildersKt__TestBuildersKt$runTest$2$1$1.invokeSuspend(TestBuilders.kt:318)
	at kotlin.coroutines.jvm.internal.BaseContinuationImpl.resumeWith(ContinuationImpl.kt:34)
	at kotlinx.coroutines.DispatchedTask.run(DispatchedTask.kt:101)
	at kotlinx.coroutines.test.TestDispatcher.processEvent$kotlinx_coroutines_test(TestDispatcher.kt:24)
	at kotlinx.coroutines.test.TestCoroutineScheduler.tryRunNextTaskUnless$kotlinx_coroutines_test(TestCoroutineScheduler.kt:99)
	at kotlinx.coroutines.test.TestBuildersKt__TestBuildersKt$runTest$2$1$workRunner$1.invokeSuspend(TestBuilders.kt:327)
	at kotlin.coroutines.jvm.internal.BaseContinuationImpl.resumeWith(ContinuationImpl.kt:34)
	at kotlinx.coroutines.DispatchedTask.run(DispatchedTask.kt:101)
	at kotlinx.coroutines.EventLoopImplBase.processNextEvent(EventLoop.common.kt:263)
	at kotlinx.coroutines.BlockingCoroutine.joinBlocking(Builders.kt:95)
	at kotlinx.coroutines.BuildersKt__BuildersKt.runBlocking(Builders.kt:69)
	at kotlinx.coroutines.BuildersKt.runBlocking(Unknown Source:1)
	at kotlinx.coroutines.BuildersKt__BuildersKt.runBlocking$default(Builders.kt:47)
	at kotlinx.coroutines.BuildersKt.runBlocking$default(Unknown Source:1)
	at kotlinx.coroutines.test.TestBuildersJvmKt.createTestResult(TestBuildersJvm.kt:10)
	at kotlinx.coroutines.test.TestBuildersKt__TestBuildersKt.runTest-8Mi8wO0(TestBuilders.kt:310)
	at kotlinx.coroutines.test.TestBuildersKt.runTest-8Mi8wO0(Unknown Source:1)
	at kotlinx.coroutines.test.TestBuildersKt__TestBuildersKt.runTest-8Mi8wO0(TestBuilders.kt:168)
	at kotlinx.coroutines.test.TestBuildersKt.runTest-8Mi8wO0(Unknown Source:1)
	at androidx.compose.ui.test.AndroidComposeUiTestEnvironment.runTest(ComposeUiTest.android.kt:658)
	at androidx.compose.ui.test.junit4.AndroidComposeTestRule$apply$1.evaluate(AndroidComposeTestRule.android.kt:438)
	at org.junit.runners.ParentRunner$3.evaluate(ParentRunner.java:306)
	at org.junit.runners.BlockJUnit4ClassRunner$1.evaluate(BlockJUnit4ClassRunner.java:100)
	at org.junit.runners.ParentRunner.runLeaf(ParentRunner.java:366)
	at org.junit.runners.BlockJUnit4ClassRunner.runChild(BlockJUnit4ClassRunner.java:103)
	at org.junit.runners.BlockJUnit4ClassRunner.runChild(BlockJUnit4ClassRunner.java:63)
	at org.junit.runners.ParentRunner$4.run(ParentRunner.java:331)
	at org.junit.runners.ParentRunner$1.schedule(ParentRunner.java:79)
	at org.junit.runners.ParentRunner.runChildren(ParentRunner.java:329)
	at org.junit.runners.ParentRunner.access$100(ParentRunner.java:66)
	at org.junit.runners.ParentRunner$2.evaluate(ParentRunner.java:293)
	at org.junit.runners.ParentRunner$3.evaluate(ParentRunner.java:306)
	at org.junit.runners.ParentRunner.run(ParentRunner.java:413)
	at androidx.test.ext.junit.runners.AndroidJUnit4.run(AndroidJUnit4.java:162)
	at org.junit.runners.Suite.runChild(Suite.java:128)
	at org.junit.runners.Suite.runChild(Suite.java:27)
	at org.junit.runners.ParentRunner$4.run(ParentRunner.java:331)
	at org.junit.runners.ParentRunner$1.schedule(ParentRunner.java:79)
	at org.junit.runners.ParentRunner.runChildren(ParentRunner.java:329)
	at org.junit.runners.ParentRunner.access$100(ParentRunner.java:66)
	at org.junit.runners.ParentRunner$2.evaluate(ParentRunner.java:293)
	at org.junit.runners.ParentRunner$3.evaluate(ParentRunner.java:306)
	at org.junit.runners.ParentRunner.run(ParentRunner.java:413)
	at org.junit.runner.JUnitCore.run(JUnitCore.java:137)
	at org.junit.runner.JUnitCore.run(JUnitCore.java:115)
	at androidx.test.internal.runner.TestExecutor.execute(TestExecutor.java:68)
	at androidx.test.internal.runner.TestExecutor.execute(TestExecutor.java:59)
	at androidx.test.runner.AndroidJUnitRunner.onStart(AndroidJUnitRunner.java:463)
	at android.app.Instrumentation$InstrumentationThread.run(Instrumentation.java:2145)

INSTRUMENTATION_STATUS: stream=
io.github.lzyuuu.ailivesaver.ImagingLocalDreamSuccessTest:
INSTRUMENTATION_STATUS: test=testConnectionAndGeneratePersistsResult
INSTRUMENTATION_STATUS_CODE: -4
INSTRUMENTATION_STATUS: class=io.github.lzyuuu.ailivesaver.LocalDreamHttpSmokeTest
INSTRUMENTATION_STATUS: current=25
INSTRUMENTATION_STATUS: id=AndroidJUnitRunner
INSTRUMENTATION_STATUS: numtests=73
INSTRUMENTATION_STATUS: stream=
io.github.lzyuuu.ailivesaver.LocalDreamHttpSmokeTest:
INSTRUMENTATION_STATUS: test=consumesLocalDreamSseAndPersistsRgbImage
INSTRUMENTATION_STATUS_CODE: 1
INSTRUMENTATION_STATUS: class=io.github.lzyuuu.ailivesaver.LocalDreamHttpSmokeTest
INSTRUMENTATION_STATUS: current=25
INSTRUMENTATION_STATUS: id=AndroidJUnitRunner
INSTRUMENTATION_STATUS: numtests=73
INSTRUMENTATION_STATUS: stream=.
INSTRUMENTATION_STATUS: test=consumesLocalDreamSseAndPersistsRgbImage
INSTRUMENTATION_STATUS_CODE: 0
INSTRUMENTATION_STATUS: class=io.github.lzyuuu.ailivesaver.MainActivitySmokeTest
INSTRUMENTATION_STATUS: current=26
INSTRUMENTATION_STATUS: id=AndroidJUnitRunner
INSTRUMENTATION_STATUS: numtests=73
INSTRUMENTATION_STATUS: stream=
io.github.lzyuuu.ailivesaver.MainActivitySmokeTest:
INSTRUMENTATION_STATUS: test=exposesSystemDesktopWithoutFiveTabs
INSTRUMENTATION_STATUS_CODE: 1
INSTRUMENTATION_STATUS: class=io.github.lzyuuu.ailivesaver.MainActivitySmokeTest
INSTRUMENTATION_STATUS: current=26
INSTRUMENTATION_STATUS: id=AndroidJUnitRunner
INSTRUMENTATION_STATUS: numtests=73
INSTRUMENTATION_STATUS: stream=.
INSTRUMENTATION_STATUS: test=exposesSystemDesktopWithoutFiveTabs
INSTRUMENTATION_STATUS_CODE: 0
INSTRUMENTATION_STATUS: class=io.github.lzyuuu.ailivesaver.MainActivitySmokeTest
INSTRUMENTATION_STATUS: current=27
INSTRUMENTATION_STATUS: id=AndroidJUnitRunner
INSTRUMENTATION_STATUS: numtests=73
INSTRUMENTATION_STATUS: stream=
INSTRUMENTATION_STATUS: test=opensSocialHubAppAndReturnsToDesktop
INSTRUMENTATION_STATUS_CODE: 1
INSTRUMENTATION_STATUS: class=io.github.lzyuuu.ailivesaver.MainActivitySmokeTest
INSTRUMENTATION_STATUS: current=27
INSTRUMENTATION_STATUS: id=AndroidJUnitRunner
INSTRUMENTATION_STATUS: numtests=73
INSTRUMENTATION_STATUS: stream=.
INSTRUMENTATION_STATUS: test=opensSocialHubAppAndReturnsToDesktop
INSTRUMENTATION_STATUS_CODE: 0
INSTRUMENTATION_STATUS: class=io.github.lzyuuu.ailivesaver.MainActivitySmokeTest
INSTRUMENTATION_STATUS: current=28
INSTRUMENTATION_STATUS: id=AndroidJUnitRunner
INSTRUMENTATION_STATUS: numtests=73
INSTRUMENTATION_STATUS: stream=
INSTRUMENTATION_STATUS: test=presetsRootInPhone
INSTRUMENTATION_STATUS_CODE: 1
INSTRUMENTATION_STATUS: class=io.github.lzyuuu.ailivesaver.MainActivitySmokeTest
INSTRUMENTATION_STATUS: current=28
INSTRUMENTATION_STATUS: id=AndroidJUnitRunner
INSTRUMENTATION_STATUS: numtests=73
INSTRUMENTATION_STATUS: stream=.
INSTRUMENTATION_STATUS: test=presetsRootInPhone
INSTRUMENTATION_STATUS_CODE: 0
INSTRUMENTATION_STATUS: class=io.github.lzyuuu.ailivesaver.MainActivitySmokeTest
INSTRUMENTATION_STATUS: current=29
INSTRUMENTATION_STATUS: id=AndroidJUnitRunner
INSTRUMENTATION_STATUS: numtests=73
INSTRUMENTATION_STATUS: stream=
INSTRUMENTATION_STATUS: test=opensAllSixGamePlaceholdersWithoutPaywall
INSTRUMENTATION_STATUS_CODE: 1
INSTRUMENTATION_STATUS: class=io.github.lzyuuu.ailivesaver.MainActivitySmokeTest
INSTRUMENTATION_STATUS: current=29
INSTRUMENTATION_STATUS: id=AndroidJUnitRunner
INSTRUMENTATION_STATUS: numtests=73
INSTRUMENTATION_STATUS: stream=.
INSTRUMENTATION_STATUS: test=opensAllSixGamePlaceholdersWithoutPaywall
INSTRUMENTATION_STATUS_CODE: 0
INSTRUMENTATION_STATUS: class=io.github.lzyuuu.ailivesaver.MainActivitySmokeTest
INSTRUMENTATION_STATUS: current=30
INSTRUMENTATION_STATUS: id=AndroidJUnitRunner
INSTRUMENTATION_STATUS: numtests=73
INSTRUMENTATION_STATUS: stream=
INSTRUMENTATION_STATUS: test=opensImagingStudioFromDockAndSwitchesBackends
INSTRUMENTATION_STATUS_CODE: 1
INSTRUMENTATION_STATUS: class=io.github.lzyuuu.ailivesaver.MainActivitySmokeTest
INSTRUMENTATION_STATUS: current=30
INSTRUMENTATION_STATUS: id=AndroidJUnitRunner
INSTRUMENTATION_STATUS: numtests=73
INSTRUMENTATION_STATUS: stream=.
INSTRUMENTATION_STATUS: test=opensImagingStudioFromDockAndSwitchesBackends
INSTRUMENTATION_STATUS_CODE: 0
INSTRUMENTATION_STATUS: class=io.github.lzyuuu.ailivesaver.MainActivitySmokeTest
INSTRUMENTATION_STATUS: current=31
INSTRUMENTATION_STATUS: id=AndroidJUnitRunner
INSTRUMENTATION_STATUS: numtests=73
INSTRUMENTATION_STATUS: stream=
INSTRUMENTATION_STATUS: test=opensGamesHubWithoutPaywall
INSTRUMENTATION_STATUS_CODE: 1
INSTRUMENTATION_STATUS: class=io.github.lzyuuu.ailivesaver.MainActivitySmokeTest
INSTRUMENTATION_STATUS: current=31
INSTRUMENTATION_STATUS: id=AndroidJUnitRunner
INSTRUMENTATION_STATUS: numtests=73
INSTRUMENTATION_STATUS: stream=.
INSTRUMENTATION_STATUS: test=opensGamesHubWithoutPaywall
INSTRUMENTATION_STATUS_CODE: 0
INSTRUMENTATION_STATUS: class=io.github.lzyuuu.ailivesaver.MainActivitySmokeTest
INSTRUMENTATION_STATUS: current=32
INSTRUMENTATION_STATUS: id=AndroidJUnitRunner
INSTRUMENTATION_STATUS: numtests=73
INSTRUMENTATION_STATUS: stream=
INSTRUMENTATION_STATUS: test=opensMessengerFromDockAndReturns
INSTRUMENTATION_STATUS_CODE: 1
INSTRUMENTATION_STATUS: class=io.github.lzyuuu.ailivesaver.MainActivitySmokeTest
INSTRUMENTATION_STATUS: current=32
INSTRUMENTATION_STATUS: id=AndroidJUnitRunner
INSTRUMENTATION_STATUS: numtests=73
INSTRUMENTATION_STATUS: stream=.
INSTRUMENTATION_STATUS: test=opensMessengerFromDockAndReturns
INSTRUMENTATION_STATUS_CODE: 0
INSTRUMENTATION_STATUS: class=io.github.lzyuuu.ailivesaver.MessengerRetryHttpSmokeTest
INSTRUMENTATION_STATUS: current=33
INSTRUMENTATION_STATUS: id=AndroidJUnitRunner
INSTRUMENTATION_STATUS: numtests=73
INSTRUMENTATION_STATUS: stream=
io.github.lzyuuu.ailivesaver.MessengerRetryHttpSmokeTest:
INSTRUMENTATION_STATUS: test=groupMemberFailureCanRetryWithoutDroppingSuccessfulMember
INSTRUMENTATION_STATUS_CODE: 1
INSTRUMENTATION_STATUS: class=io.github.lzyuuu.ailivesaver.MessengerRetryHttpSmokeTest
INSTRUMENTATION_STATUS: current=33
INSTRUMENTATION_STATUS: id=AndroidJUnitRunner
INSTRUMENTATION_STATUS: numtests=73
INSTRUMENTATION_STATUS: stream=.
INSTRUMENTATION_STATUS: test=groupMemberFailureCanRetryWithoutDroppingSuccessfulMember
INSTRUMENTATION_STATUS_CODE: 0
INSTRUMENTATION_STATUS: class=io.github.lzyuuu.ailivesaver.MessengerRetryHttpSmokeTest
INSTRUMENTATION_STATUS: current=34
INSTRUMENTATION_STATUS: id=AndroidJUnitRunner
INSTRUMENTATION_STATUS: numtests=73
INSTRUMENTATION_STATUS: stream=
INSTRUMENTATION_STATUS: test=shippedStreamFailureThenRetryUsesRealHttpAndOneTimelineVersion
INSTRUMENTATION_STATUS_CODE: 1
INSTRUMENTATION_STATUS: class=io.github.lzyuuu.ailivesaver.MessengerRetryHttpSmokeTest
INSTRUMENTATION_STATUS: current=34
INSTRUMENTATION_STATUS: id=AndroidJUnitRunner
INSTRUMENTATION_STATUS: numtests=73
INSTRUMENTATION_STATUS: stream=.
INSTRUMENTATION_STATUS: test=shippedStreamFailureThenRetryUsesRealHttpAndOneTimelineVersion
INSTRUMENTATION_STATUS_CODE: 0
INSTRUMENTATION_STATUS: class=io.github.lzyuuu.ailivesaver.MessengerSmokeTest
INSTRUMENTATION_STATUS: current=35
INSTRUMENTATION_STATUS: id=AndroidJUnitRunner
INSTRUMENTATION_STATUS: numtests=73
INSTRUMENTATION_STATUS: stream=
io.github.lzyuuu.ailivesaver.MessengerSmokeTest:
INSTRUMENTATION_STATUS: test=createsGroupWithoutPaywallAndSharesTimelineAcrossMembers
INSTRUMENTATION_STATUS_CODE: 1
INSTRUMENTATION_STATUS: class=io.github.lzyuuu.ailivesaver.MessengerSmokeTest
INSTRUMENTATION_STATUS: current=35
INSTRUMENTATION_STATUS: id=AndroidJUnitRunner
INSTRUMENTATION_STATUS: numtests=73
INSTRUMENTATION_STATUS: stream=.
INSTRUMENTATION_STATUS: test=createsGroupWithoutPaywallAndSharesTimelineAcrossMembers
INSTRUMENTATION_STATUS_CODE: 0
INSTRUMENTATION_STATUS: class=io.github.lzyuuu.ailivesaver.MessengerSmokeTest
INSTRUMENTATION_STATUS: current=36
INSTRUMENTATION_STATUS: id=AndroidJUnitRunner
INSTRUMENTATION_STATUS: numtests=73
INSTRUMENTATION_STATUS: stream=
INSTRUMENTATION_STATUS: test=opensNewGroupDialogFromMessengerList
INSTRUMENTATION_STATUS_CODE: 1
INSTRUMENTATION_STATUS: class=io.github.lzyuuu.ailivesaver.MessengerSmokeTest
INSTRUMENTATION_STATUS: current=36
INSTRUMENTATION_STATUS: id=AndroidJUnitRunner
INSTRUMENTATION_STATUS: numtests=73
INSTRUMENTATION_STATUS: stream=.
INSTRUMENTATION_STATUS: test=opensNewGroupDialogFromMessengerList
INSTRUMENTATION_STATUS_CODE: 0
INSTRUMENTATION_STATUS: class=io.github.lzyuuu.ailivesaver.MessengerSmokeTest
INSTRUMENTATION_STATUS: current=37
INSTRUMENTATION_STATUS: id=AndroidJUnitRunner
INSTRUMENTATION_STATUS: numtests=73
INSTRUMENTATION_STATUS: stream=
INSTRUMENTATION_STATUS: test=opensMessengerFromDockAndReturns
INSTRUMENTATION_STATUS_CODE: 1
INSTRUMENTATION_STATUS: class=io.github.lzyuuu.ailivesaver.MessengerSmokeTest
INSTRUMENTATION_STATUS: current=37
INSTRUMENTATION_STATUS: id=AndroidJUnitRunner
INSTRUMENTATION_STATUS: numtests=73
INSTRUMENTATION_STATUS: stream=.
INSTRUMENTATION_STATUS: test=opensMessengerFromDockAndReturns
INSTRUMENTATION_STATUS_CODE: 0
INSTRUMENTATION_STATUS: class=io.github.lzyuuu.ailivesaver.MessengerSmokeTest
INSTRUMENTATION_STATUS: current=38
INSTRUMENTATION_STATUS: id=AndroidJUnitRunner
INSTRUMENTATION_STATUS: numtests=73
INSTRUMENTATION_STATUS: stream=
INSTRUMENTATION_STATUS: test=opensMessengerConversationAndExposesEnhancementsMenu
INSTRUMENTATION_STATUS_CODE: 1
INSTRUMENTATION_STATUS: class=io.github.lzyuuu.ailivesaver.MessengerSmokeTest
INSTRUMENTATION_STATUS: current=38
INSTRUMENTATION_STATUS: id=AndroidJUnitRunner
INSTRUMENTATION_STATUS: numtests=73
INSTRUMENTATION_STATUS: stream=.
INSTRUMENTATION_STATUS: test=opensMessengerConversationAndExposesEnhancementsMenu
INSTRUMENTATION_STATUS_CODE: 0
INSTRUMENTATION_STATUS: class=io.github.lzyuuu.ailivesaver.NpcPublicationSmokeTest
INSTRUMENTATION_STATUS: current=39
INSTRUMENTATION_STATUS: id=AndroidJUnitRunner
INSTRUMENTATION_STATUS: numtests=73
INSTRUMENTATION_STATUS: stream=
io.github.lzyuuu.ailivesaver.NpcPublicationSmokeTest:
INSTRUMENTATION_STATUS: test=commitsNpcLifecycleAndContentAsOneWorldChange
INSTRUMENTATION_STATUS_CODE: 1
INSTRUMENTATION_STATUS: class=io.github.lzyuuu.ailivesaver.NpcPublicationSmokeTest
INSTRUMENTATION_STATUS: current=39
INSTRUMENTATION_STATUS: id=AndroidJUnitRunner
INSTRUMENTATION_STATUS: numtests=73
INSTRUMENTATION_STATUS: stream=.
INSTRUMENTATION_STATUS: test=commitsNpcLifecycleAndContentAsOneWorldChange
INSTRUMENTATION_STATUS_CODE: 0
INSTRUMENTATION_STATUS: class=io.github.lzyuuu.ailivesaver.PhoneContactsSmokeTest
INSTRUMENTATION_STATUS: current=40
INSTRUMENTATION_STATUS: id=AndroidJUnitRunner
INSTRUMENTATION_STATUS: numtests=73
INSTRUMENTATION_STATUS: stream=
io.github.lzyuuu.ailivesaver.PhoneContactsSmokeTest:
INSTRUMENTATION_STATUS: test=phoneContactDialsIntoMatchingMessengerConversation
INSTRUMENTATION_STATUS_CODE: 1
INSTRUMENTATION_STATUS: class=io.github.lzyuuu.ailivesaver.PhoneContactsSmokeTest
INSTRUMENTATION_STATUS: current=40
INSTRUMENTATION_STATUS: id=AndroidJUnitRunner
INSTRUMENTATION_STATUS: numtests=73
INSTRUMENTATION_STATUS: stream=.
INSTRUMENTATION_STATUS: test=phoneContactDialsIntoMatchingMessengerConversation
INSTRUMENTATION_STATUS_CODE: 0
INSTRUMENTATION_STATUS: class=io.github.lzyuuu.ailivesaver.ProviderEnvSeedTest
INSTRUMENTATION_STATUS: current=41
INSTRUMENTATION_STATUS: id=AndroidJUnitRunner
INSTRUMENTATION_STATUS: numtests=73
INSTRUMENTATION_STATUS: stream=
io.github.lzyuuu.ailivesaver.ProviderEnvSeedTest:
INSTRUMENTATION_STATUS: test=seedDesktopShellForLiveVerification
INSTRUMENTATION_STATUS_CODE: 1
INSTRUMENTATION_STATUS: class=io.github.lzyuuu.ailivesaver.ProviderEnvSeedTest
INSTRUMENTATION_STATUS: current=41
INSTRUMENTATION_STATUS: id=AndroidJUnitRunner
INSTRUMENTATION_STATUS: numtests=73
INSTRUMENTATION_STATUS: stream=.
INSTRUMENTATION_STATUS: test=seedDesktopShellForLiveVerification
INSTRUMENTATION_STATUS_CODE: 0
INSTRUMENTATION_STATUS: class=io.github.lzyuuu.ailivesaver.ProviderEnvSeedTest
INSTRUMENTATION_STATUS: current=42
INSTRUMENTATION_STATUS: id=AndroidJUnitRunner
INSTRUMENTATION_STATUS: numtests=73
INSTRUMENTATION_STATUS: stream=
INSTRUMENTATION_STATUS: test=seedChatProviderFromInstrumentationArgs
INSTRUMENTATION_STATUS_CODE: 1
INSTRUMENTATION_STATUS: class=io.github.lzyuuu.ailivesaver.ProviderEnvSeedTest
INSTRUMENTATION_STATUS: current=42
INSTRUMENTATION_STATUS: id=AndroidJUnitRunner
INSTRUMENTATION_STATUS: numtests=73
INSTRUMENTATION_STATUS: stream=.
INSTRUMENTATION_STATUS: test=seedChatProviderFromInstrumentationArgs
INSTRUMENTATION_STATUS_CODE: 0
INSTRUMENTATION_STATUS: class=io.github.lzyuuu.ailivesaver.RealProviderInstrumentationTest
INSTRUMENTATION_STATUS: current=43
INSTRUMENTATION_STATUS: id=AndroidJUnitRunner
INSTRUMENTATION_STATUS: numtests=73
INSTRUMENTATION_STATUS: stream=
io.github.lzyuuu.ailivesaver.RealProviderInstrumentationTest:
INSTRUMENTATION_STATUS: test=structuredBinderAndSocialOrchestrated
INSTRUMENTATION_STATUS_CODE: 1
INSTRUMENTATION_STATUS: class=io.github.lzyuuu.ailivesaver.RealProviderInstrumentationTest
INSTRUMENTATION_STATUS: current=43
INSTRUMENTATION_STATUS: id=AndroidJUnitRunner
INSTRUMENTATION_STATUS: numtests=73
INSTRUMENTATION_STATUS: stream=.
INSTRUMENTATION_STATUS: test=structuredBinderAndSocialOrchestrated
INSTRUMENTATION_STATUS_CODE: 0
INSTRUMENTATION_STATUS: class=io.github.lzyuuu.ailivesaver.RealProviderInstrumentationTest
INSTRUMENTATION_STATUS: current=44
INSTRUMENTATION_STATUS: id=AndroidJUnitRunner
INSTRUMENTATION_STATUS: numtests=73
INSTRUMENTATION_STATUS: stream=
INSTRUMENTATION_STATUS: test=capabilityAndMessengerOrchestrated
INSTRUMENTATION_STATUS_CODE: 1
INSTRUMENTATION_STATUS: class=io.github.lzyuuu.ailivesaver.RealProviderInstrumentationTest
INSTRUMENTATION_STATUS: current=44
INSTRUMENTATION_STATUS: id=AndroidJUnitRunner
INSTRUMENTATION_STATUS: numtests=73
INSTRUMENTATION_STATUS: stream=.
INSTRUMENTATION_STATUS: test=capabilityAndMessengerOrchestrated
INSTRUMENTATION_STATUS_CODE: 0
INSTRUMENTATION_STATUS: class=io.github.lzyuuu.ailivesaver.RebbitFlowSmokeTest
INSTRUMENTATION_STATUS: current=45
INSTRUMENTATION_STATUS: id=AndroidJUnitRunner
INSTRUMENTATION_STATUS: numtests=73
INSTRUMENTATION_STATUS: stream=
io.github.lzyuuu.ailivesaver.RebbitFlowSmokeTest:
INSTRUMENTATION_STATUS: test=rebbitForumFlowThroughMainActivityComposeUi
INSTRUMENTATION_STATUS_CODE: 1
INSTRUMENTATION_STATUS: class=io.github.lzyuuu.ailivesaver.RebbitFlowSmokeTest
INSTRUMENTATION_STATUS: current=45
INSTRUMENTATION_STATUS: id=AndroidJUnitRunner
INSTRUMENTATION_STATUS: numtests=73
INSTRUMENTATION_STATUS: stream=.
INSTRUMENTATION_STATUS: test=rebbitForumFlowThroughMainActivityComposeUi
INSTRUMENTATION_STATUS_CODE: 0
INSTRUMENTATION_STATUS: class=io.github.lzyuuu.ailivesaver.RelationshipPersistenceSmokeTest
INSTRUMENTATION_STATUS: current=46
INSTRUMENTATION_STATUS: id=AndroidJUnitRunner
INSTRUMENTATION_STATUS: numtests=73
INSTRUMENTATION_STATUS: stream=
io.github.lzyuuu.ailivesaver.RelationshipPersistenceSmokeTest:
INSTRUMENTATION_STATUS: test=migratesAndPersistsHiddenRelationshipDimensions
INSTRUMENTATION_STATUS_CODE: 1
INSTRUMENTATION_STATUS: class=io.github.lzyuuu.ailivesaver.RelationshipPersistenceSmokeTest
INSTRUMENTATION_STATUS: current=46
INSTRUMENTATION_STATUS: id=AndroidJUnitRunner
INSTRUMENTATION_STATUS: numtests=73
INSTRUMENTATION_STATUS: stream=.
INSTRUMENTATION_STATUS: test=migratesAndPersistsHiddenRelationshipDimensions
INSTRUMENTATION_STATUS_CODE: 0
INSTRUMENTATION_STATUS: class=io.github.lzyuuu.ailivesaver.SocialDomainPersistenceSmokeTest
INSTRUMENTATION_STATUS: current=47
INSTRUMENTATION_STATUS: id=AndroidJUnitRunner
INSTRUMENTATION_STATUS: numtests=73
INSTRUMENTATION_STATUS: stream=
io.github.lzyuuu.ailivesaver.SocialDomainPersistenceSmokeTest:
INSTRUMENTATION_STATUS: test=kindsAreIsolatedAndUserCrudSurvivesReopen
INSTRUMENTATION_STATUS_CODE: 1
INSTRUMENTATION_STATUS: class=io.github.lzyuuu.ailivesaver.SocialDomainPersistenceSmokeTest
INSTRUMENTATION_STATUS: current=47
INSTRUMENTATION_STATUS: id=AndroidJUnitRunner
INSTRUMENTATION_STATUS: numtests=73
INSTRUMENTATION_STATUS: stream=.
INSTRUMENTATION_STATUS: test=kindsAreIsolatedAndUserCrudSurvivesReopen
INSTRUMENTATION_STATUS_CODE: 0
INSTRUMENTATION_STATUS: class=io.github.lzyuuu.ailivesaver.SocialPostVersionSmokeTest
INSTRUMENTATION_STATUS: current=48
INSTRUMENTATION_STATUS: id=AndroidJUnitRunner
INSTRUMENTATION_STATUS: numtests=73
INSTRUMENTATION_STATUS: stream=
io.github.lzyuuu.ailivesaver.SocialPostVersionSmokeTest:
INSTRUMENTATION_STATUS: test=rejectsARewriteWhenTheSourcePostHasChangedOrDisappeared
INSTRUMENTATION_STATUS_CODE: 1
INSTRUMENTATION_STATUS: class=io.github.lzyuuu.ailivesaver.SocialPostVersionSmokeTest
INSTRUMENTATION_STATUS: current=48
INSTRUMENTATION_STATUS: id=AndroidJUnitRunner
INSTRUMENTATION_STATUS: numtests=73
INSTRUMENTATION_STATUS: stream=.
INSTRUMENTATION_STATUS: test=rejectsARewriteWhenTheSourcePostHasChangedOrDisappeared
INSTRUMENTATION_STATUS_CODE: 0
INSTRUMENTATION_STATUS: class=io.github.lzyuuu.ailivesaver.SocialPostVersionSmokeTest
INSTRUMENTATION_STATUS: current=49
INSTRUMENTATION_STATUS: id=AndroidJUnitRunner
INSTRUMENTATION_STATUS: numtests=73
INSTRUMENTATION_STATUS: stream=
INSTRUMENTATION_STATUS: test=preservesPostsAndEventsWhenTheAuthorOperationDoesNotMatch
INSTRUMENTATION_STATUS_CODE: 1
INSTRUMENTATION_STATUS: class=io.github.lzyuuu.ailivesaver.SocialPostVersionSmokeTest
INSTRUMENTATION_STATUS: current=49
INSTRUMENTATION_STATUS: id=AndroidJUnitRunner
INSTRUMENTATION_STATUS: numtests=73
INSTRUMENTATION_STATUS: stream=.
INSTRUMENTATION_STATUS: test=preservesPostsAndEventsWhenTheAuthorOperationDoesNotMatch
INSTRUMENTATION_STATUS_CODE: 0
INSTRUMENTATION_STATUS: class=io.github.lzyuuu.ailivesaver.SocialPostVersionSmokeTest
INSTRUMENTATION_STATUS: current=50
INSTRUMENTATION_STATUS: id=AndroidJUnitRunner
INSTRUMENTATION_STATUS: numtests=73
INSTRUMENTATION_STATUS: stream=
INSTRUMENTATION_STATUS: test=rollsBackPostPublicationsWhenTheirWorldEventFails
INSTRUMENTATION_STATUS_CODE: 1
INSTRUMENTATION_STATUS: class=io.github.lzyuuu.ailivesaver.SocialPostVersionSmokeTest
INSTRUMENTATION_STATUS: current=50
INSTRUMENTATION_STATUS: id=AndroidJUnitRunner
INSTRUMENTATION_STATUS: numtests=73
INSTRUMENTATION_STATUS: stream=.
INSTRUMENTATION_STATUS: test=rollsBackPostPublicationsWhenTheirWorldEventFails
INSTRUMENTATION_STATUS_CODE: 0
INSTRUMENTATION_STATUS: class=io.github.lzyuuu.ailivesaver.SocialPostVersionSmokeTest
INSTRUMENTATION_STATUS: current=51
INSTRUMENTATION_STATUS: id=AndroidJUnitRunner
INSTRUMENTATION_STATUS: numtests=73
INSTRUMENTATION_STATUS: stream=
INSTRUMENTATION_STATUS: test=keepsAUserPostAndItsWorldExcerptInSync
INSTRUMENTATION_STATUS_CODE: 1
INSTRUMENTATION_STATUS: class=io.github.lzyuuu.ailivesaver.SocialPostVersionSmokeTest
INSTRUMENTATION_STATUS: current=51
INSTRUMENTATION_STATUS: id=AndroidJUnitRunner
INSTRUMENTATION_STATUS: numtests=73
INSTRUMENTATION_STATUS: stream=.
INSTRUMENTATION_STATUS: test=keepsAUserPostAndItsWorldExcerptInSync
INSTRUMENTATION_STATUS_CODE: 0
INSTRUMENTATION_STATUS: class=io.github.lzyuuu.ailivesaver.SocialProviderEmptyOutputTest
INSTRUMENTATION_STATUS: current=52
INSTRUMENTATION_STATUS: id=AndroidJUnitRunner
INSTRUMENTATION_STATUS: numtests=73
INSTRUMENTATION_STATUS: stream=
io.github.lzyuuu.ailivesaver.SocialProviderEmptyOutputTest:
INSTRUMENTATION_STATUS: test=rebbitRejectsBlankAndEllipsisWithoutPostBudgetOrProvenance
INSTRUMENTATION_STATUS_CODE: 1
INSTRUMENTATION_STATUS: class=io.github.lzyuuu.ailivesaver.SocialProviderEmptyOutputTest
INSTRUMENTATION_STATUS: current=52
INSTRUMENTATION_STATUS: id=AndroidJUnitRunner
INSTRUMENTATION_STATUS: numtests=73
INSTRUMENTATION_STATUS: stream=.
INSTRUMENTATION_STATUS: test=rebbitRejectsBlankAndEllipsisWithoutPostBudgetOrProvenance
INSTRUMENTATION_STATUS_CODE: 0
INSTRUMENTATION_STATUS: class=io.github.lzyuuu.ailivesaver.SocialProviderEmptyOutputTest
INSTRUMENTATION_STATUS: current=53
INSTRUMENTATION_STATUS: id=AndroidJUnitRunner
INSTRUMENTATION_STATUS: numtests=73
INSTRUMENTATION_STATUS: stream=
INSTRUMENTATION_STATUS: test=ustagramRejectsBlankAndEllipsisWithoutPostBudgetOrProvenance
INSTRUMENTATION_STATUS_CODE: 1
INSTRUMENTATION_STATUS: class=io.github.lzyuuu.ailivesaver.SocialProviderEmptyOutputTest
INSTRUMENTATION_STATUS: current=53
INSTRUMENTATION_STATUS: id=AndroidJUnitRunner
INSTRUMENTATION_STATUS: numtests=73
INSTRUMENTATION_STATUS: stream=.
INSTRUMENTATION_STATUS: test=ustagramRejectsBlankAndEllipsisWithoutPostBudgetOrProvenance
INSTRUMENTATION_STATUS_CODE: 0
INSTRUMENTATION_STATUS: class=io.github.lzyuuu.ailivesaver.SocialResponsePersistenceSmokeTest
INSTRUMENTATION_STATUS: current=54
INSTRUMENTATION_STATUS: id=AndroidJUnitRunner
INSTRUMENTATION_STATUS: numtests=73
INSTRUMENTATION_STATUS: stream=
io.github.lzyuuu.ailivesaver.SocialResponsePersistenceSmokeTest:
INSTRUMENTATION_STATUS: test=commitsAResponseAtomicallyAndRejectsLateResults
INSTRUMENTATION_STATUS_CODE: 1
INSTRUMENTATION_STATUS: class=io.github.lzyuuu.ailivesaver.SocialResponsePersistenceSmokeTest
INSTRUMENTATION_STATUS: current=54
INSTRUMENTATION_STATUS: id=AndroidJUnitRunner
INSTRUMENTATION_STATUS: numtests=73
INSTRUMENTATION_STATUS: stream=.
INSTRUMENTATION_STATUS: test=commitsAResponseAtomicallyAndRejectsLateResults
INSTRUMENTATION_STATUS_CODE: 0
INSTRUMENTATION_STATUS: class=io.github.lzyuuu.ailivesaver.SocialResponsePersistenceSmokeTest
INSTRUMENTATION_STATUS: current=55
INSTRUMENTATION_STATUS: id=AndroidJUnitRunner
INSTRUMENTATION_STATUS: numtests=73
INSTRUMENTATION_STATUS: stream=
INSTRUMENTATION_STATUS: test=rejectsLateResidentSocialActivityAfterDeparture
INSTRUMENTATION_STATUS_CODE: 1
INSTRUMENTATION_STATUS: class=io.github.lzyuuu.ailivesaver.SocialResponsePersistenceSmokeTest
INSTRUMENTATION_STATUS: current=55
INSTRUMENTATION_STATUS: id=AndroidJUnitRunner
INSTRUMENTATION_STATUS: numtests=73
INSTRUMENTATION_STATUS: stream=.
INSTRUMENTATION_STATUS: test=rejectsLateResidentSocialActivityAfterDeparture
INSTRUMENTATION_STATUS_CODE: 0
INSTRUMENTATION_STATUS: class=io.github.lzyuuu.ailivesaver.SystemSettingsSmokeTest
INSTRUMENTATION_STATUS: current=56
INSTRUMENTATION_STATUS: id=AndroidJUnitRunner
INSTRUMENTATION_STATUS: numtests=73
INSTRUMENTATION_STATUS: stream=
io.github.lzyuuu.ailivesaver.SystemSettingsSmokeTest:
INSTRUMENTATION_STATUS: test=settingsExposeNineRootsAndKeyEntries
INSTRUMENTATION_STATUS_CODE: 1
INSTRUMENTATION_STATUS: class=io.github.lzyuuu.ailivesaver.SystemSettingsSmokeTest
INSTRUMENTATION_STATUS: current=56
INSTRUMENTATION_STATUS: id=AndroidJUnitRunner
INSTRUMENTATION_STATUS: numtests=73
INSTRUMENTATION_STATUS: stream=.
INSTRUMENTATION_STATUS: test=settingsExposeNineRootsAndKeyEntries
INSTRUMENTATION_STATUS_CODE: 0
INSTRUMENTATION_STATUS: class=io.github.lzyuuu.ailivesaver.UstagramFlowSmokeTest
INSTRUMENTATION_STATUS: current=57
INSTRUMENTATION_STATUS: id=AndroidJUnitRunner
INSTRUMENTATION_STATUS: numtests=73
INSTRUMENTATION_STATUS: stream=
io.github.lzyuuu.ailivesaver.UstagramFlowSmokeTest:
INSTRUMENTATION_STATUS: test=hubEntryComposeLikeReplyGenerateAndReturnToDesktop
INSTRUMENTATION_STATUS_CODE: 1
INSTRUMENTATION_STATUS: class=io.github.lzyuuu.ailivesaver.UstagramFlowSmokeTest
INSTRUMENTATION_STATUS: current=57
INSTRUMENTATION_STATUS: id=AndroidJUnitRunner
INSTRUMENTATION_STATUS: numtests=73
INSTRUMENTATION_STATUS: stream=.
INSTRUMENTATION_STATUS: test=hubEntryComposeLikeReplyGenerateAndReturnToDesktop
INSTRUMENTATION_STATUS_CODE: 0
INSTRUMENTATION_STATUS: class=io.github.lzyuuu.ailivesaver.VisionDescriptionSmokeTest
INSTRUMENTATION_STATUS: current=58
INSTRUMENTATION_STATUS: id=AndroidJUnitRunner
INSTRUMENTATION_STATUS: numtests=73
INSTRUMENTATION_STATUS: stream=
io.github.lzyuuu.ailivesaver.VisionDescriptionSmokeTest:
INSTRUMENTATION_STATUS: test=appliesVisionResultOnlyToTheSameUndescribedImage
INSTRUMENTATION_STATUS_CODE: 1
INSTRUMENTATION_STATUS: class=io.github.lzyuuu.ailivesaver.VisionDescriptionSmokeTest
INSTRUMENTATION_STATUS: current=58
INSTRUMENTATION_STATUS: id=AndroidJUnitRunner
INSTRUMENTATION_STATUS: numtests=73
INSTRUMENTATION_STATUS: stream=.
INSTRUMENTATION_STATUS: test=appliesVisionResultOnlyToTheSameUndescribedImage
INSTRUMENTATION_STATUS_CODE: 0
INSTRUMENTATION_STATUS: class=io.github.lzyuuu.ailivesaver.WorldDataErasureSmokeTest
INSTRUMENTATION_STATUS: current=59
INSTRUMENTATION_STATUS: id=AndroidJUnitRunner
INSTRUMENTATION_STATUS: numtests=73
INSTRUMENTATION_STATUS: stream=
io.github.lzyuuu.ailivesaver.WorldDataErasureSmokeTest:
INSTRUMENTATION_STATUS: test=erasesWorldCredentialsPreferencesDiagnosticsAndCache
INSTRUMENTATION_STATUS_CODE: 1
INSTRUMENTATION_STATUS: class=io.github.lzyuuu.ailivesaver.WorldDataErasureSmokeTest
INSTRUMENTATION_STATUS: current=59
INSTRUMENTATION_STATUS: id=AndroidJUnitRunner
INSTRUMENTATION_STATUS: numtests=73
INSTRUMENTATION_STATUS: stream=.
INSTRUMENTATION_STATUS: test=erasesWorldCredentialsPreferencesDiagnosticsAndCache
INSTRUMENTATION_STATUS_CODE: 0
INSTRUMENTATION_STATUS: class=io.github.lzyuuu.ailivesaver.WorldMediaCleanupSmokeTest
INSTRUMENTATION_STATUS: current=60
INSTRUMENTATION_STATUS: id=AndroidJUnitRunner
INSTRUMENTATION_STATUS: numtests=73
INSTRUMENTATION_STATUS: stream=
io.github.lzyuuu.ailivesaver.WorldMediaCleanupSmokeTest:
INSTRUMENTATION_STATUS: test=removesOnlyUnreferencedPrivateMedia
INSTRUMENTATION_STATUS_CODE: 1
INSTRUMENTATION_STATUS: class=io.github.lzyuuu.ailivesaver.WorldMediaCleanupSmokeTest
INSTRUMENTATION_STATUS: current=60
INSTRUMENTATION_STATUS: id=AndroidJUnitRunner
INSTRUMENTATION_STATUS: numtests=73
INSTRUMENTATION_STATUS: stream=.
INSTRUMENTATION_STATUS: test=removesOnlyUnreferencedPrivateMedia
INSTRUMENTATION_STATUS_CODE: 0
INSTRUMENTATION_STATUS: class=io.github.lzyuuu.ailivesaver.WorldMediaIntentSmokeTest
INSTRUMENTATION_STATUS: current=61
INSTRUMENTATION_STATUS: id=AndroidJUnitRunner
INSTRUMENTATION_STATUS: numtests=73
INSTRUMENTATION_STATUS: stream=
io.github.lzyuuu.ailivesaver.WorldMediaIntentSmokeTest:
INSTRUMENTATION_STATUS: test=keepsPausedMediaJobsPendingForRetry
INSTRUMENTATION_STATUS_CODE: 1
INSTRUMENTATION_STATUS: class=io.github.lzyuuu.ailivesaver.WorldMediaIntentSmokeTest
INSTRUMENTATION_STATUS: current=61
INSTRUMENTATION_STATUS: id=AndroidJUnitRunner
INSTRUMENTATION_STATUS: numtests=73
INSTRUMENTATION_STATUS: stream=.
INSTRUMENTATION_STATUS: test=keepsPausedMediaJobsPendingForRetry
INSTRUMENTATION_STATUS_CODE: 0
INSTRUMENTATION_STATUS: class=io.github.lzyuuu.ailivesaver.WorldMediaIntentSmokeTest
INSTRUMENTATION_STATUS: current=62
INSTRUMENTATION_STATUS: id=AndroidJUnitRunner
INSTRUMENTATION_STATUS: numtests=73
INSTRUMENTATION_STATUS: stream=
INSTRUMENTATION_STATUS: test=restoringAnImageVersionSupersedesAnInFlightRedraw
INSTRUMENTATION_STATUS_CODE: 1
INSTRUMENTATION_STATUS: class=io.github.lzyuuu.ailivesaver.WorldMediaIntentSmokeTest
INSTRUMENTATION_STATUS: current=62
INSTRUMENTATION_STATUS: id=AndroidJUnitRunner
INSTRUMENTATION_STATUS: numtests=73
INSTRUMENTATION_STATUS: stream=.
INSTRUMENTATION_STATUS: test=restoringAnImageVersionSupersedesAnInFlightRedraw
INSTRUMENTATION_STATUS_CODE: 0
INSTRUMENTATION_STATUS: class=io.github.lzyuuu.ailivesaver.WorldMediaIntentSmokeTest
INSTRUMENTATION_STATUS: current=63
INSTRUMENTATION_STATUS: id=AndroidJUnitRunner
INSTRUMENTATION_STATUS: numtests=73
INSTRUMENTATION_STATUS: stream=
INSTRUMENTATION_STATUS: test=rollsBackMediaPublicationWhenItsWorldEventCannotBeCommitted
INSTRUMENTATION_STATUS_CODE: 1
INSTRUMENTATION_STATUS: class=io.github.lzyuuu.ailivesaver.WorldMediaIntentSmokeTest
INSTRUMENTATION_STATUS: current=63
INSTRUMENTATION_STATUS: id=AndroidJUnitRunner
INSTRUMENTATION_STATUS: numtests=73
INSTRUMENTATION_STATUS: stream=.
INSTRUMENTATION_STATUS: test=rollsBackMediaPublicationWhenItsWorldEventCannotBeCommitted
INSTRUMENTATION_STATUS_CODE: 0
INSTRUMENTATION_STATUS: class=io.github.lzyuuu.ailivesaver.WorldMediaIntentSmokeTest
INSTRUMENTATION_STATUS: current=64
INSTRUMENTATION_STATUS: id=AndroidJUnitRunner
INSTRUMENTATION_STATUS: numtests=73
INSTRUMENTATION_STATUS: stream=
INSTRUMENTATION_STATUS: test=hidesGeneratedPostUntilReadyAndKeepsProviderProvenance
INSTRUMENTATION_STATUS_CODE: 1
INSTRUMENTATION_STATUS: class=io.github.lzyuuu.ailivesaver.WorldMediaIntentSmokeTest
INSTRUMENTATION_STATUS: current=64
INSTRUMENTATION_STATUS: id=AndroidJUnitRunner
INSTRUMENTATION_STATUS: numtests=73
INSTRUMENTATION_STATUS: stream=.
INSTRUMENTATION_STATUS: test=hidesGeneratedPostUntilReadyAndKeepsProviderProvenance
INSTRUMENTATION_STATUS_CODE: 0
INSTRUMENTATION_STATUS: class=io.github.lzyuuu.ailivesaver.WorldMediaIntentSmokeTest
INSTRUMENTATION_STATUS: current=65
INSTRUMENTATION_STATUS: id=AndroidJUnitRunner
INSTRUMENTATION_STATUS: numtests=73
INSTRUMENTATION_STATUS: stream=
INSTRUMENTATION_STATUS: test=ignoresACompletedImageFromASupersededRedraw
INSTRUMENTATION_STATUS_CODE: 1
INSTRUMENTATION_STATUS: class=io.github.lzyuuu.ailivesaver.WorldMediaIntentSmokeTest
INSTRUMENTATION_STATUS: current=65
INSTRUMENTATION_STATUS: id=AndroidJUnitRunner
INSTRUMENTATION_STATUS: numtests=73
INSTRUMENTATION_STATUS: stream=.
INSTRUMENTATION_STATUS: test=ignoresACompletedImageFromASupersededRedraw
INSTRUMENTATION_STATUS_CODE: 0
INSTRUMENTATION_STATUS: class=io.github.lzyuuu.ailivesaver.WorldRestoreRecoverySmokeTest
INSTRUMENTATION_STATUS: current=66
INSTRUMENTATION_STATUS: id=AndroidJUnitRunner
INSTRUMENTATION_STATUS: numtests=73
INSTRUMENTATION_STATUS: stream=
io.github.lzyuuu.ailivesaver.WorldRestoreRecoverySmokeTest:
INSTRUMENTATION_STATUS: test=copiesAReadableDatabaseSnapshotWhileTheStoreIsOpen
INSTRUMENTATION_STATUS_CODE: 1
INSTRUMENTATION_STATUS: class=io.github.lzyuuu.ailivesaver.WorldRestoreRecoverySmokeTest
INSTRUMENTATION_STATUS: current=66
INSTRUMENTATION_STATUS: id=AndroidJUnitRunner
INSTRUMENTATION_STATUS: numtests=73
INSTRUMENTATION_STATUS: stream=.
INSTRUMENTATION_STATUS: test=copiesAReadableDatabaseSnapshotWhileTheStoreIsOpen
INSTRUMENTATION_STATUS_CODE: 0
INSTRUMENTATION_STATUS: class=io.github.lzyuuu.ailivesaver.WorldRestoreRecoverySmokeTest
INSTRUMENTATION_STATUS: current=67
INSTRUMENTATION_STATUS: id=AndroidJUnitRunner
INSTRUMENTATION_STATUS: numtests=73
INSTRUMENTATION_STATUS: stream=
INSTRUMENTATION_STATUS: test=restoresSnapshotLeftByInterruptedRestore
INSTRUMENTATION_STATUS_CODE: 1
INSTRUMENTATION_STATUS: class=io.github.lzyuuu.ailivesaver.WorldRestoreRecoverySmokeTest
INSTRUMENTATION_STATUS: current=67
INSTRUMENTATION_STATUS: id=AndroidJUnitRunner
INSTRUMENTATION_STATUS: numtests=73
INSTRUMENTATION_STATUS: stream=.
INSTRUMENTATION_STATUS: test=restoresSnapshotLeftByInterruptedRestore
INSTRUMENTATION_STATUS_CODE: 0
INSTRUMENTATION_STATUS: class=io.github.lzyuuu.ailivesaver.WorldStoreClearPostsTest
INSTRUMENTATION_STATUS: current=68
INSTRUMENTATION_STATUS: id=AndroidJUnitRunner
INSTRUMENTATION_STATUS: numtests=73
INSTRUMENTATION_STATUS: stream=
io.github.lzyuuu.ailivesaver.WorldStoreClearPostsTest:
INSTRUMENTATION_STATUS: test=clearPostsUsesPerPostCleanupAndPreservesOtherKinds
INSTRUMENTATION_STATUS_CODE: 1
INSTRUMENTATION_STATUS: class=io.github.lzyuuu.ailivesaver.WorldStoreClearPostsTest
INSTRUMENTATION_STATUS: current=68
INSTRUMENTATION_STATUS: id=AndroidJUnitRunner
INSTRUMENTATION_STATUS: numtests=73
INSTRUMENTATION_STATUS: stream=.
INSTRUMENTATION_STATUS: test=clearPostsUsesPerPostCleanupAndPreservesOtherKinds
INSTRUMENTATION_STATUS_CODE: 0
INSTRUMENTATION_STATUS: class=io.github.lzyuuu.ailivesaver.WorldStoreContractsTest
INSTRUMENTATION_STATUS: current=69
INSTRUMENTATION_STATUS: id=AndroidJUnitRunner
INSTRUMENTATION_STATUS: numtests=73
INSTRUMENTATION_STATUS: stream=
io.github.lzyuuu.ailivesaver.WorldStoreContractsTest:
INSTRUMENTATION_STATUS: test=v23UpgradePreservesExistingDataAndCreatesNewTables
INSTRUMENTATION_STATUS_CODE: 1
INSTRUMENTATION_STATUS: class=io.github.lzyuuu.ailivesaver.WorldStoreContractsTest
INSTRUMENTATION_STATUS: current=69
INSTRUMENTATION_STATUS: id=AndroidJUnitRunner
INSTRUMENTATION_STATUS: numtests=73
INSTRUMENTATION_STATUS: stream=.
INSTRUMENTATION_STATUS: test=v23UpgradePreservesExistingDataAndCreatesNewTables
INSTRUMENTATION_STATUS_CODE: 0
INSTRUMENTATION_STATUS: class=io.github.lzyuuu.ailivesaver.WorldStoreContractsTest
INSTRUMENTATION_STATUS: current=70
INSTRUMENTATION_STATUS: id=AndroidJUnitRunner
INSTRUMENTATION_STATUS: numtests=73
INSTRUMENTATION_STATUS: stream=
INSTRUMENTATION_STATUS: test=creativeSupportsLineageStatusFilterDeleteNullableAndIdempotentUri
INSTRUMENTATION_STATUS_CODE: 1
INSTRUMENTATION_STATUS: class=io.github.lzyuuu.ailivesaver.WorldStoreContractsTest
INSTRUMENTATION_STATUS: current=70
INSTRUMENTATION_STATUS: id=AndroidJUnitRunner
INSTRUMENTATION_STATUS: numtests=73
INSTRUMENTATION_STATUS: stream=.
INSTRUMENTATION_STATUS: test=creativeSupportsLineageStatusFilterDeleteNullableAndIdempotentUri
INSTRUMENTATION_STATUS_CODE: 0
INSTRUMENTATION_STATUS: class=io.github.lzyuuu.ailivesaver.WorldStoreContractsTest
INSTRUMENTATION_STATUS: current=71
INSTRUMENTATION_STATUS: id=AndroidJUnitRunner
INSTRUMENTATION_STATUS: numtests=73
INSTRUMENTATION_STATUS: stream=
INSTRUMENTATION_STATUS: test=freshSchemaSupportsGroupMembershipAndRollback
INSTRUMENTATION_STATUS_CODE: 1
INSTRUMENTATION_STATUS: class=io.github.lzyuuu.ailivesaver.WorldStoreContractsTest
INSTRUMENTATION_STATUS: current=71
INSTRUMENTATION_STATUS: id=AndroidJUnitRunner
INSTRUMENTATION_STATUS: numtests=73
INSTRUMENTATION_STATUS: stream=.
INSTRUMENTATION_STATUS: test=freshSchemaSupportsGroupMembershipAndRollback
INSTRUMENTATION_STATUS_CODE: 0
INSTRUMENTATION_STATUS: class=io.github.lzyuuu.ailivesaver.WorldStoreContractsTest
INSTRUMENTATION_STATUS: current=72
INSTRUMENTATION_STATUS: id=AndroidJUnitRunner
INSTRUMENTATION_STATUS: numtests=73
INSTRUMENTATION_STATUS: stream=
INSTRUMENTATION_STATUS: test=binderConfirmationIsUniqueAndIdempotent
INSTRUMENTATION_STATUS_CODE: 1
INSTRUMENTATION_STATUS: class=io.github.lzyuuu.ailivesaver.WorldStoreContractsTest
INSTRUMENTATION_STATUS: current=72
INSTRUMENTATION_STATUS: id=AndroidJUnitRunner
INSTRUMENTATION_STATUS: numtests=73
INSTRUMENTATION_STATUS: stream=.
INSTRUMENTATION_STATUS: test=binderConfirmationIsUniqueAndIdempotent
INSTRUMENTATION_STATUS_CODE: 0
INSTRUMENTATION_STATUS: class=io.github.lzyuuu.ailivesaver.YFeedFlowSmokeTest
INSTRUMENTATION_STATUS: current=73
INSTRUMENTATION_STATUS: id=AndroidJUnitRunner
INSTRUMENTATION_STATUS: numtests=73
INSTRUMENTATION_STATUS: stream=
io.github.lzyuuu.ailivesaver.YFeedFlowSmokeTest:
INSTRUMENTATION_STATUS: test=opensYComposePostsNestedRepliesGenerateAndReturns
INSTRUMENTATION_STATUS_CODE: 1
INSTRUMENTATION_STATUS: class=io.github.lzyuuu.ailivesaver.YFeedFlowSmokeTest
INSTRUMENTATION_STATUS: current=73
INSTRUMENTATION_STATUS: id=AndroidJUnitRunner
INSTRUMENTATION_STATUS: numtests=73
INSTRUMENTATION_STATUS: stream=.
INSTRUMENTATION_STATUS: test=opensYComposePostsNestedRepliesGenerateAndReturns
INSTRUMENTATION_STATUS_CODE: 0
INSTRUMENTATION_RESULT: stream=

Time: 62.001

OK (73 tests)


INSTRUMENTATION_CODE: -1
